                       Run Date: 2026-05-04, 9:07:17 a.m.

                   Summary of Files Used and Option Settings
                   =========================================

                         Project Folder and Data Files

                            Project Option Settings

      STAR*NET Run Mode                   : Preanalysis
      Type of Adjustment                  : 3D
      Project Units                       : Meters; DMS
      Coordinate System                   : UTM83-19
      Geoid Height                        : 0.0000 (Default, Meters)
      Longitude Sign Convention           : Positive West
      Input/Output Coordinate Order       : East-North
      Angle Data Station Order            : At-From-To
      Distance/Vertical Data Type         : Slope/Zenith
      Convergence Limit; Max Iterations   : 0.010000; 10
      Default Coefficient of Refraction   : 0.070000
      Create Coordinate File              : Yes
      Create Geodetic Position File       : No
      Create Ground Scale Coordinate File : No
      Create Dump File                    : No

                       Instrument Standard Error Settings

      Project Default Instrument
        Distances (Constant)              :    0.001000 Meters
        Distances (PPM)                   :    1.500000
        Angles                            :    1.414000 Seconds
        Directions                        :    1.000000 Seconds
        Azimuths & Bearings               :    1.414000 Seconds
        Zeniths                           :    1.000000 Seconds
        Elevation Differences (Constant)  :    0.015240 Meters
        Elevation Differences (PPM)       :    0.000000
        Differential Levels               :    0.001500 Meters / Km
        Centering Error Instrument        :    0.000750 Meters
        Centering Error Target            :    0.000750 Meters
        Centering Error Vertical          :    0.000500 Meters

      Project Library Instrument SX12
        Note: n/a
        Distances (Constant)              :    0.001000 Meters
        Distances (PPM)                   :    1.500000
        Angles                            :    1.414000 Seconds
        Directions                        :    1.000000 Seconds
        Azimuths & Bearings               :    1.414000 Seconds
        Zeniths                           :    1.000000 Seconds
        Elevation Differences (Constant)  :    0.015240 Meters
        Elevation Differences (PPM)       :    0.000000
        Centering Error Instrument        :    0.000750 Meters
        Centering Error Target            :    0.000750 Meters
        Centering Error Vertical          :    0.000500 Meters


                      Summary of Inconsistent Descriptions
                      ====================================


                           Number of Occurrences = 0

Network Stations
Point ID         Description                     File:Line                     

Sideshots
Point ID         Description                     File:Line                     


                    Summary of Unadjusted Input Observations
                    ========================================

                    Number of Entered Stations (Meters) = 48

Fixed Stations              E                 N          Elev   Description
FRDN                  681416.4280     5089320.3110    117.0000

Partially Fixed             E                 N          Elev   Description
                           StdErr           StdErr      StdErr
GPS1                  682579.7330     5090745.2190     65.0000
                           0.0050           0.0050      0.0100
GPS2                  683005.0380     5090804.6240     39.0000
                           0.0050           0.0050      0.0100
GPS3                  682770.7870     5091288.0780     17.0000
                           0.0050           0.0050      0.0100
GPS4                  682590.8390     5090466.6580     83.0000
                           0.0050           0.0050       FIXED
GPS5                  683186.5590     5090575.7180     46.0000
                           0.0050           0.0050      0.0100
GPS6                  682736.7200     5091053.5170     35.0000
                           0.0050           0.0050      0.0100

Free Stations               E                 N          Elev   Description
100                   682643.0500     5090565.1310     78.0000
101                   682660.9930     5090500.1460     80.0000
102                   682675.7370     5090479.2150     79.0000
103                   682742.4620     5090462.7550     77.0000
104                   682880.7100     5090569.4800     67.0000
105                   682985.3080     5090664.8400     54.0000
106                   683030.4210     5090543.4980     60.0000
107                   683106.7710     5090490.1510     58.0000
108                   683142.6170     5090504.1280     54.0000
109                   682979.3510     5090926.6280     30.0000
110                   682920.1290     5090886.5450     39.0000
111                   682823.4230     5090809.8830     51.0000
112                   682816.2530     5090871.8420     47.0000
113                   682781.5140     5090883.4110     49.0000
114                   682920.5200     5091055.2110     23.0000
115                   682825.2640     5090977.2850     38.0000
116                   682878.4270     5091225.0890     13.0000
117                   682718.0890     5091277.1360     21.0000
118                   682685.8630     5091218.7920     26.0000
119                   682638.1700     5091094.4220     34.0000
120                   682543.1070     5090942.7260     50.0000
121                   682594.9250     5090796.9070     61.0000
122                   682680.3420     5090826.9360     54.0000
123                   682742.8470     5090748.1700     58.0000
124                   682686.5150     5090632.8270     71.0000
125                   682522.8010     5090682.0420     73.0000
126                   682565.9010     5090563.4740     80.0000
127                   682778.0570     5091004.0590     38.0000
128                   682916.7920     5090448.5630     75.0000
129                   682971.3130     5090426.7020     72.0000
FM1                   682628.9500     5090893.5690     51.0000
PEAT                  682655.9280     5090526.9620     79.0000
PITA                  683074.9180     5090482.4340     61.0000
POT                   683172.0880     5090520.2320     50.0000
GATE                  682960.3880     5091114.3270     15.0000
TIMS                  682852.9810     5090655.0020     60.0000
Meridian              682864.0780     5090804.7970      0.0000
OLDA                  682826.7270     5091000.5440      0.0000

Unused Stations
OOP
APOG
BROD

            Number of Measured Distance Observations (Meters) = 244

From       To            Distance   StdErr      HI      HT  Comb Grid  Type
128        103           174.9183   0.0016   0.000   0.000  0.9999990   S
128        104           126.4390   0.0016   0.000   0.000  1.0000001   S
128        TIMS          216.5960   0.0017   0.000   0.000  1.0000006   S
128        129            58.8170   0.0015   0.000   0.000  0.9999999   S
128        103           174.9183   0.0016   0.000   0.000  0.9999990   S
128        104           126.4390   0.0016   0.000   0.000  1.0000001   S
128        TIMS          216.5960   0.0017   0.000   0.000  1.0000006   S
128        129            58.8170   0.0015   0.000   0.000  0.9999999   S
129        128            58.8170   0.0015   0.000   0.000  0.9999999   S
129        PITA          118.1567   0.0016   0.000   0.000  1.0000014   S
129        128            58.8170   0.0015   0.000   0.000  0.9999999   S
129        PITA          118.1567   0.0016   0.000   0.000  1.0000014   S
100        126            77.1929   0.0015   0.000   0.000  0.9999975   S
100        GPS4          111.5705   0.0016   0.000   0.000  0.9999974   S
100        124            80.7525   0.0015   0.000   0.000  0.9999985   S
100        PEAT           40.2954   0.0015   0.000   0.000  0.9999978   S
100        126            77.1929   0.0015   0.000   0.000  0.9999975   S
100        GPS4          111.5705   0.0016   0.000   0.000  0.9999974   S
100        124            80.7525   0.0015   0.000   0.000  0.9999985   S
100        PEAT           40.2954   0.0015   0.000   0.000  0.9999978   S
101        PEAT           27.3085   0.0015   0.000   0.000  0.9999977   S
101        102            25.6222   0.0015   0.000   0.000  0.9999978   S
101        PEAT           27.3085   0.0015   0.000   0.000  0.9999977   S
101        102            25.6222   0.0015   0.000   0.000  0.9999978   S
102        101            25.6222   0.0015   0.000   0.000  0.9999978   S
102        GPS4           85.9150   0.0015   0.000   0.000  0.9999974   S
102        103            68.7545   0.0015   0.000   0.000  0.9999982   S
102        101            25.6222   0.0015   0.000   0.000  0.9999978   S
102        GPS4           85.9150   0.0015   0.000   0.000  0.9999974   S
102        103            68.7545   0.0015   0.000   0.000  0.9999982   S
103        102            68.7545   0.0015   0.000   0.000  0.9999982   S
103        104           174.9364   0.0016   0.000   0.000  0.9999996   S
103        102            68.7545   0.0015   0.000   0.000  0.9999982   S
103        104           174.9364   0.0016   0.000   0.000  0.9999996   S
104        103           174.9364   0.0016   0.000   0.000  0.9999996   S
104        124           204.3050   0.0017   0.000   0.000  0.9999999   S
104        TIMS           90.1770   0.0016   0.000   0.000  1.0000012   S
104        105           142.1379   0.0016   0.000   0.000  1.0000019   S
104        103           174.9364   0.0016   0.000   0.000  0.9999996   S
104        124           204.3050   0.0017   0.000   0.000  0.9999999   S
104        TIMS           90.1770   0.0016   0.000   0.000  1.0000012   S
104        105           142.1379   0.0016   0.000   0.000  1.0000019   S
105        104           142.1379   0.0016   0.000   0.000  1.0000019   S
105        111           217.3774   0.0017   0.000   0.000  1.0000031   S
105        GPS2          141.9636   0.0016   0.000   0.000  1.0000044   S
105        106           129.5954   0.0016   0.000   0.000  1.0000028   S
105        104           142.1379   0.0016   0.000   0.000  1.0000019   S
105        111           217.3774   0.0017   0.000   0.000  1.0000031   S
105        GPS2          141.9636   0.0016   0.000   0.000  1.0000044   S
105        106           129.5954   0.0016   0.000   0.000  1.0000028   S
106        105           129.5954   0.0016   0.000   0.000  1.0000028   S
106        108           119.0540   0.0016   0.000   0.000  1.0000032   S
106        PITA           75.5630   0.0015   0.000   0.000  1.0000025   S
106        POT           143.9121   0.0016   0.000   0.000  1.0000035   S
106        105           129.5954   0.0016   0.000   0.000  1.0000028   S
106        108           119.0540   0.0016   0.000   0.000  1.0000032   S
106        PITA           75.5630   0.0015   0.000   0.000  1.0000025   S
106        POT           143.9121   0.0016   0.000   0.000  1.0000035   S
107        PITA           32.9114   0.0015   0.000   0.000  1.0000028   S
107        108            38.6818   0.0015   0.000   0.000  1.0000035   S
107        PITA           32.9114   0.0015   0.000   0.000  1.0000028   S
107        108            38.6818   0.0015   0.000   0.000  1.0000035   S
108        107            38.6818   0.0015   0.000   0.000  1.0000035   S
108        106           119.0540   0.0016   0.000   0.000  1.0000032   S
108        POT            33.8211   0.0015   0.000   0.000  1.0000043   S
108        107            38.6818   0.0015   0.000   0.000  1.0000035   S
108        106           119.0540   0.0016   0.000   0.000  1.0000032   S
108        POT            33.8211   0.0015   0.000   0.000  1.0000043   S
109        GPS2          125.0024   0.0016   0.000   0.000  1.0000063   S
109        110            72.0752   0.0015   0.000   0.000  1.0000061   S
109        114           141.5746   0.0016   0.000   0.000  1.0000073   S
109        GPS2          125.0024   0.0016   0.000   0.000  1.0000063   S
109        110            72.0752   0.0015   0.000   0.000  1.0000061   S
109        114           141.5746   0.0016   0.000   0.000  1.0000073   S
110        GPS2          117.9849   0.0016   0.000   0.000  1.0000054   S
110        115           131.2781   0.0016   0.000   0.000  1.0000051   S
110        109            72.0752   0.0015   0.000   0.000  1.0000061   S
110        127           184.3764   0.0017   0.000   0.000  1.0000050   S
110        OLDA          152.4479   0.0016   0.000   0.000  1.0000081   S
110        GPS2          117.9849   0.0016   0.000   0.000  1.0000054   S
110        115           131.2781   0.0016   0.000   0.000  1.0000051   S
110        109            72.0752   0.0015   0.000   0.000  1.0000061   S
110        127           184.3764   0.0017   0.000   0.000  1.0000050   S
110        OLDA          152.4479   0.0016   0.000   0.000  1.0000081   S
111        105           217.3774   0.0017   0.000   0.000  1.0000031   S
111        112            62.5004   0.0015   0.000   0.000  1.0000032   S
111        Meridian       65.4192   0.0014   0.000   0.000  1.0000070   S
111        105           217.3774   0.0017   0.000   0.000  1.0000031   S
111        112            62.5004   0.0015   0.000   0.000  1.0000032   S
111        Meridian       65.4192   0.0014   0.000   0.000  1.0000070   S
112        Meridian       94.8217   0.0015   0.000   0.000  1.0000073   S
112        111            62.5004   0.0015   0.000   0.000  1.0000032   S
112        113            36.6692   0.0015   0.000   0.000  1.0000033   S
112        FM1           188.6008   0.0017   0.000   0.000  1.0000028   S
112        Meridian       94.8217   0.0015   0.000   0.000  1.0000073   S
112        111            62.5004   0.0015   0.000   0.000  1.0000032   S
112        113            36.6692   0.0015   0.000   0.000  1.0000033   S
112        FM1           188.6008   0.0017   0.000   0.000  1.0000028   S
113        112            36.6692   0.0015   0.000   0.000  1.0000033   S
113        115           104.1504   0.0016   0.000   0.000  1.0000040   S
113        122           115.9747   0.0016   0.000   0.000  1.0000024   S
113        OLDA          134.7781   0.0016   0.000   0.000  1.0000070   S
113        112            36.6692   0.0015   0.000   0.000  1.0000033   S
113        115           104.1504   0.0016   0.000   0.000  1.0000040   S
113        122           115.9747   0.0016   0.000   0.000  1.0000024   S
113        OLDA          134.7781   0.0016   0.000   0.000  1.0000070   S
114        109           141.5746   0.0016   0.000   0.000  1.0000073   S
114        GATE           71.7501   0.0015   0.000   0.000  1.0000085   S
114        109           141.5746   0.0016   0.000   0.000  1.0000073   S
114        GATE           71.7501   0.0015   0.000   0.000  1.0000085   S
115        110           131.2781   0.0016   0.000   0.000  1.0000051   S
115        113           104.1504   0.0016   0.000   0.000  1.0000040   S
115        127            54.2708   0.0015   0.000   0.000  1.0000049   S
115        110           131.2781   0.0016   0.000   0.000  1.0000051   S
115        113           104.1504   0.0016   0.000   0.000  1.0000040   S
115        127            54.2708   0.0015   0.000   0.000  1.0000049   S
116        GATE          137.8023   0.0016   0.000   0.000  1.0000092   S
116        GPS3          124.7787   0.0016   0.000   0.000  1.0000086   S
116        GATE          137.8023   0.0016   0.000   0.000  1.0000092   S
116        GPS3          124.7787   0.0016   0.000   0.000  1.0000086   S
117        GPS3           53.9700   0.0015   0.000   0.000  1.0000076   S
117        118            66.8392   0.0015   0.000   0.000  1.0000067   S
117        GPS3           53.9700   0.0015   0.000   0.000  1.0000076   S
117        118            66.8392   0.0015   0.000   0.000  1.0000067   S
118        117            66.8392   0.0015   0.000   0.000  1.0000067   S
118        119           133.4403   0.0016   0.000   0.000  1.0000055   S
118        117            66.8392   0.0015   0.000   0.000  1.0000067   S
118        119           133.4403   0.0016   0.000   0.000  1.0000055   S
119        118           133.4403   0.0016   0.000   0.000  1.0000055   S
119        GPS6          106.7062   0.0016   0.000   0.000  1.0000049   S
119        120           179.7344   0.0017   0.000   0.000  1.0000033   S
119        118           133.4403   0.0016   0.000   0.000  1.0000055   S
119        GPS6          106.7062   0.0016   0.000   0.000  1.0000049   S
119        120           179.7344   0.0017   0.000   0.000  1.0000033   S
120        119           179.7344   0.0017   0.000   0.000  1.0000033   S
120        FM1            98.9262   0.0016   0.000   0.000  1.0000019   S
120        119           179.7344   0.0017   0.000   0.000  1.0000033   S
120        FM1            98.9262   0.0016   0.000   0.000  1.0000019   S
121        FM1           102.9622   0.0016   0.000   0.000  1.0000012   S
121        GPS1           54.0226   0.0015   0.000   0.000  1.0000000   S
121        FM1           102.9622   0.0016   0.000   0.000  1.0000012   S
121        GPS1           54.0226   0.0015   0.000   0.000  1.0000000   S
122        113           115.9747   0.0016   0.000   0.000  1.0000024   S
122        FM1            84.2025   0.0015   0.000   0.000  1.0000019   S
122        123           100.6326   0.0016   0.000   0.000  1.0000016   S
122        113           115.9747   0.0016   0.000   0.000  1.0000024   S
122        FM1            84.2025   0.0015   0.000   0.000  1.0000019   S
122        123           100.6326   0.0016   0.000   0.000  1.0000016   S
123        122           100.6326   0.0016   0.000   0.000  1.0000016   S
123        TIMS          144.2696   0.0016   0.000   0.000  1.0000016   S
123        124           129.0205   0.0016   0.000   0.000  1.0000003   S
123        122           100.6326   0.0016   0.000   0.000  1.0000016   S
123        TIMS          144.2696   0.0016   0.000   0.000  1.0000016   S
123        124           129.0205   0.0016   0.000   0.000  1.0000003   S
124        GPS1          155.1463   0.0016   0.000   0.000  0.9999994   S
124        123           129.0205   0.0016   0.000   0.000  1.0000003   S
124        104           204.3050   0.0017   0.000   0.000  0.9999999   S
124        100            80.7525   0.0015   0.000   0.000  0.9999985   S
124        GPS1          155.1463   0.0016   0.000   0.000  0.9999994   S
124        123           129.0205   0.0016   0.000   0.000  1.0000003   S
124        104           204.3050   0.0017   0.000   0.000  0.9999999   S
124        100            80.7525   0.0015   0.000   0.000  0.9999985   S
125        GPS1           85.4202   0.0015   0.000   0.000  0.9999989   S
125        126           126.3529   0.0016   0.000   0.000  0.9999977   S
125        GPS1           85.4202   0.0015   0.000   0.000  0.9999989   S
125        126           126.3529   0.0016   0.000   0.000  0.9999977   S
126        100            77.1929   0.0015   0.000   0.000  0.9999975   S
126        125           126.3529   0.0016   0.000   0.000  0.9999977   S
126        GPS4          100.0215   0.0016   0.000   0.000  0.9999970   S
126        100            77.1929   0.0015   0.000   0.000  0.9999975   S
126        125           126.3529   0.0016   0.000   0.000  0.9999977   S
126        GPS4          100.0215   0.0016   0.000   0.000  0.9999970   S
127        GPS6           64.5275   0.0015   0.000   0.000  1.0000049   S
127        110           184.3764   0.0017   0.000   0.000  1.0000050   S
127        115            54.2708   0.0015   0.000   0.000  1.0000049   S
127        GPS6           64.5275   0.0015   0.000   0.000  1.0000049   S
127        110           184.3764   0.0017   0.000   0.000  1.0000050   S
127        115            54.2708   0.0015   0.000   0.000  1.0000049   S
GPS1       125            85.4202   0.0015   0.000   0.000  0.9999989   S
GPS1       121            54.0226   0.0015   0.000   0.000  1.0000000   S
GPS1       124           155.1463   0.0016   0.000   0.000  0.9999994   S
GPS1       125            85.4202   0.0015   0.000   0.000  0.9999989   S
GPS1       121            54.0226   0.0015   0.000   0.000  1.0000000   S
GPS1       124           155.1463   0.0016   0.000   0.000  0.9999994   S
GPS2       110           117.9849   0.0016   0.000   0.000  1.0000054   S
GPS2       109           125.0024   0.0016   0.000   0.000  1.0000063   S
GPS2       105           141.9636   0.0016   0.000   0.000  1.0000044   S
GPS2       GPS5          292.2258   0.0018   0.000   0.000  1.0000055   S
GPS2       110           117.9849   0.0016   0.000   0.000  1.0000054   S
GPS2       109           125.0024   0.0016   0.000   0.000  1.0000063   S
GPS2       105           141.9636   0.0016   0.000   0.000  1.0000044   S
GPS2       GPS5          292.2258   0.0018   0.000   0.000  1.0000055   S
GPS3       116           124.7787   0.0016   0.000   0.000  1.0000086   S
GPS3       117            53.9700   0.0015   0.000   0.000  1.0000076   S
GPS3       116           124.7787   0.0016   0.000   0.000  1.0000086   S
GPS3       117            53.9700   0.0015   0.000   0.000  1.0000076   S
GPS4       126           100.0215   0.0016   0.000   0.000  0.9999970   S
GPS4       100           111.5705   0.0016   0.000   0.000  0.9999974   S
GPS4       102            85.9150   0.0015   0.000   0.000  0.9999974   S
GPS4       126           100.0215   0.0016   0.000   0.000  0.9999970   S
GPS4       100           111.5705   0.0016   0.000   0.000  0.9999974   S
GPS4       102            85.9150   0.0015   0.000   0.000  0.9999974   S
GPS5       POT            57.4811   0.0015   0.000   0.000  1.0000050   S
GPS5       GPS2          292.2258   0.0018   0.000   0.000  1.0000055   S
GPS5       POT            57.4811   0.0015   0.000   0.000  1.0000050   S
GPS5       GPS2          292.2258   0.0018   0.000   0.000  1.0000055   S
GPS6       127            64.5275   0.0015   0.000   0.000  1.0000049   S
GPS6       119           106.7062   0.0016   0.000   0.000  1.0000049   S
GPS6       FM1           193.5290   0.0017   0.000   0.000  1.0000035   S
GPS6       127            64.5275   0.0015   0.000   0.000  1.0000049   S
GPS6       119           106.7062   0.0016   0.000   0.000  1.0000049   S
GPS6       FM1           193.5290   0.0017   0.000   0.000  1.0000035   S
FM1        120            98.9262   0.0016   0.000   0.000  1.0000019   S
FM1        GPS6          193.5290   0.0017   0.000   0.000  1.0000035   S
FM1        122            84.2025   0.0015   0.000   0.000  1.0000019   S
FM1        112           188.6008   0.0017   0.000   0.000  1.0000028   S
FM1        121           102.9622   0.0016   0.000   0.000  1.0000012   S
FM1        120            98.9262   0.0016   0.000   0.000  1.0000019   S
FM1        GPS6          193.5290   0.0017   0.000   0.000  1.0000035   S
FM1        122            84.2025   0.0015   0.000   0.000  1.0000019   S
FM1        112           188.6008   0.0017   0.000   0.000  1.0000028   S
FM1        121           102.9622   0.0016   0.000   0.000  1.0000012   S
PEAT       100            40.2954   0.0015   0.000   0.000  0.9999978   S
PEAT       101            27.3085   0.0015   0.000   0.000  0.9999977   S
PEAT       100            40.2954   0.0015   0.000   0.000  0.9999978   S
PEAT       101            27.3085   0.0015   0.000   0.000  0.9999977   S
TIMS       104            90.1770   0.0016   0.000   0.000  1.0000012   S
TIMS       123           144.2696   0.0016   0.000   0.000  1.0000016   S
TIMS       104            90.1770   0.0016   0.000   0.000  1.0000012   S
TIMS       123           144.2696   0.0016   0.000   0.000  1.0000016   S
PITA       106            75.5630   0.0015   0.000   0.000  1.0000025   S
PITA       107            32.9114   0.0015   0.000   0.000  1.0000028   S
PITA       106            75.5630   0.0015   0.000   0.000  1.0000025   S
PITA       107            32.9114   0.0015   0.000   0.000  1.0000028   S
POT        108            33.8211   0.0015   0.000   0.000  1.0000043   S
POT        106           143.9121   0.0016   0.000   0.000  1.0000035   S
POT        GPS5           57.4811   0.0015   0.000   0.000  1.0000050   S
POT        108            33.8211   0.0015   0.000   0.000  1.0000043   S
POT        106           143.9121   0.0016   0.000   0.000  1.0000035   S
POT        GPS5           57.4811   0.0015   0.000   0.000  1.0000050   S
GATE       114            71.7501   0.0015   0.000   0.000  1.0000085   S
GATE       116           137.8023   0.0016   0.000   0.000  1.0000092   S
GATE       114            71.7501   0.0015   0.000   0.000  1.0000085   S
GATE       116           137.8023   0.0016   0.000   0.000  1.0000092   S

                   Number of Zenith Observations (DMS) = 244

From       To              Zenith      StdErr      HI      HT
128        103          89-20-43.97      1.30   0.000   0.000
128        104          93-37-41.18      1.53   0.000   0.000
128        TIMS         93-58-18.97      1.21   0.000   0.000
128        129          92-55-26.05      2.68   0.000   0.000
128        103          89-20-43.97      1.30   0.000   0.000
128        104          93-37-41.18      1.53   0.000   0.000
128        TIMS         93-58-18.97      1.21   0.000   0.000
128        129          92-55-26.05      2.68   0.000   0.000
129        128          87-04-35.58      2.68   0.000   0.000
129        PITA         95-20-32.05      1.59   0.000   0.000
129        128          87-04-35.58      2.68   0.000   0.000
129        PITA         95-20-32.05      1.59   0.000   0.000
100        126          88-30-56.34      2.14   0.000   0.000
100        GPS4         87-25-54.76      1.65   0.000   0.000
100        124          94-58-23.56      2.07   0.000   0.000
100        PEAT         88-34-41.22      3.76   0.000   0.000
100        126          88-30-56.34      2.14   0.000   0.000
100        GPS4         87-25-54.76      1.65   0.000   0.000
100        124          94-58-23.56      2.07   0.000   0.000
100        PEAT         88-34-41.22      3.76   0.000   0.000
101        PEAT         92-05-55.20      5.44   0.000   0.000
101        102          92-14-12.65      5.78   0.000   0.000
101        PEAT         92-05-55.20      5.44   0.000   0.000
101        102          92-14-12.65      5.78   0.000   0.000
102        101          87-45-48.06      5.78   0.000   0.000
102        GPS4         87-19-54.52      1.97   0.000   0.000
102        103          91-40-01.84      2.35   0.000   0.000
102        101          87-45-48.06      5.78   0.000   0.000
102        GPS4         87-19-54.52      1.97   0.000   0.000
102        103          91-40-01.84      2.35   0.000   0.000
103        102          88-20-00.07      2.35   0.000   0.000
103        104          93-16-39.70      1.30   0.000   0.000
103        102          88-20-00.07      2.35   0.000   0.000
103        104          93-16-39.70      1.30   0.000   0.000
104        103          86-43-25.16      1.30   0.000   0.000
104        124          88-52-44.21      1.23   0.000   0.000
104        TIMS         94-27-08.70      1.91   0.000   0.000
104        105          95-14-53.44      1.44   0.000   0.000
104        103          86-43-25.16      1.30   0.000   0.000
104        124          88-52-44.21      1.23   0.000   0.000
104        TIMS         94-27-08.70      1.91   0.000   0.000
104        105          95-14-53.44      1.44   0.000   0.000
105        104          84-45-10.50      1.44   0.000   0.000
105        111          90-47-29.75      1.20   0.000   0.000
105        GPS2         96-03-56.84      1.44   0.000   0.000
105        106          87-20-48.75      1.51   0.000   0.000
105        104          84-45-10.50      1.44   0.000   0.000
105        111          90-47-29.75      1.20   0.000   0.000
105        GPS2         96-03-56.84      1.44   0.000   0.000
105        106          87-20-48.75      1.51   0.000   0.000
106        105          92-39-14.85      1.51   0.000   0.000
106        108          92-53-21.25      1.58   0.000   0.000
106        PITA         89-14-31.26      2.17   0.000   0.000
106        POT          93-59-06.25      1.43   0.000   0.000
106        105          92-39-14.85      1.51   0.000   0.000
106        108          92-53-21.25      1.58   0.000   0.000
106        PITA         89-14-31.26      2.17   0.000   0.000
106        POT          93-59-06.25      1.43   0.000   0.000
107        PITA         84-46-12.49      4.57   0.000   0.000
107        108          95-56-08.12      3.93   0.000   0.000
107        PITA         84-46-12.49      4.57   0.000   0.000
107        108          95-56-08.12      3.93   0.000   0.000
108        107          84-03-52.95      3.93   0.000   0.000
108        106          87-06-42.06      1.58   0.000   0.000
108        POT          96-47-32.48      4.46   0.000   0.000
108        107          84-03-52.95      3.93   0.000   0.000
108        106          87-06-42.06      1.58   0.000   0.000
108        POT          96-47-32.48      4.46   0.000   0.000
109        GPS2         85-52-18.09      1.54   0.000   0.000
109        110          82-49-37.38      2.27   0.000   0.000
109        114          92-50-04.66      1.44   0.000   0.000
109        GPS2         85-52-18.09      1.54   0.000   0.000
109        110          82-49-37.38      2.27   0.000   0.000
109        114          92-50-04.66      1.44   0.000   0.000
110        GPS2         90-00-01.64      1.59   0.000   0.000
110        115          90-26-13.05      1.49   0.000   0.000
110        109          97-10-24.61      2.27   0.000   0.000
110        127          90-18-41.29      1.28   0.000   0.000
110        OLDA        104-49-22.99      1.41   0.000   0.000
110        GPS2         90-00-01.64      1.59   0.000   0.000
110        115          90-26-13.05      1.49   0.000   0.000
110        109          97-10-24.61      2.27   0.000   0.000
110        127          90-18-41.29      1.28   0.000   0.000
110        OLDA        104-49-22.99      1.41   0.000   0.000
111        105          89-12-36.30      1.20   0.000   0.000
111        112          93-40-10.76      2.54   0.000   0.000
111        Meridian    141-13-22.74      3.12   0.000   0.000
111        105          89-12-36.30      1.20   0.000   0.000
111        112          93-40-10.76      2.54   0.000   0.000
111        Meridian    141-13-22.74      3.12   0.000   0.000
112        Meridian    119-42-50.59      2.02   0.000   0.000
112        111          86-19-50.98      2.54   0.000   0.000
112        113          86-52-24.90      4.11   0.000   0.000
112        FM1          88-47-07.66      1.26   0.000   0.000
112        Meridian    119-42-50.59      2.02   0.000   0.000
112        111          86-19-50.98      2.54   0.000   0.000
112        113          86-52-24.90      4.11   0.000   0.000
112        FM1          88-47-07.66      1.26   0.000   0.000
113        112          93-07-36.12      4.11   0.000   0.000
113        115          96-03-47.11      1.73   0.000   0.000
113        122          87-31-46.19      1.61   0.000   0.000
113        OLDA        111-19-10.23      1.54   0.000   0.000
113        112          93-07-36.12      4.11   0.000   0.000
113        115          96-03-47.11      1.73   0.000   0.000
113        122          87-31-46.19      1.61   0.000   0.000
113        OLDA        111-19-10.23      1.54   0.000   0.000
114        109          87-09-59.27      1.44   0.000   0.000
114        GATE         96-24-07.06      2.28   0.000   0.000
114        109          87-09-59.27      1.44   0.000   0.000
114        GATE         96-24-07.06      2.28   0.000   0.000
115        110          89-33-50.61      1.49   0.000   0.000
115        113          83-56-15.77      1.73   0.000   0.000
115        127          90-00-00.75      2.87   0.000   0.000
115        110          89-33-50.61      1.49   0.000   0.000
115        113          83-56-15.77      1.73   0.000   0.000
115        127          90-00-00.75      2.87   0.000   0.000
116        GATE         89-10-08.18      1.46   0.000   0.000
116        GPS3         88-09-48.42      1.54   0.000   0.000
116        GATE         89-10-08.18      1.46   0.000   0.000
116        GPS3         88-09-48.42      1.54   0.000   0.000
117        GPS3         94-15-02.14      2.89   0.000   0.000
117        118          85-42-36.57      2.41   0.000   0.000
117        GPS3         94-15-02.14      2.89   0.000   0.000
117        118          85-42-36.57      2.41   0.000   0.000
118        117          94-17-25.28      2.41   0.000   0.000
118        119          86-33-48.47      1.48   0.000   0.000
118        117          94-17-25.28      2.41   0.000   0.000
118        119          86-33-48.47      1.48   0.000   0.000
119        118          93-26-15.24      1.48   0.000   0.000
119        GPS6         89-27-48.44      1.69   0.000   0.000
119        120          84-53-36.40      1.29   0.000   0.000
119        118          93-26-15.24      1.48   0.000   0.000
119        GPS6         89-27-48.44      1.69   0.000   0.000
119        120          84-53-36.40      1.29   0.000   0.000
120        119          95-06-28.58      1.29   0.000   0.000
120        FM1          89-25-16.30      1.78   0.000   0.000
120        119          95-06-28.58      1.29   0.000   0.000
120        FM1          89-25-16.30      1.78   0.000   0.000
121        FM1          95-34-26.11      1.74   0.000   0.000
121        GPS1         85-45-14.29      2.89   0.000   0.000
121        FM1          95-34-26.11      1.74   0.000   0.000
121        GPS1         85-45-14.29      2.89   0.000   0.000
122        113          92-28-17.03      1.61   0.000   0.000
122        FM1          92-02-31.61      2.00   0.000   0.000
122        123          87-43-20.51      1.76   0.000   0.000
122        113          92-28-17.03      1.61   0.000   0.000
122        FM1          92-02-31.61      2.00   0.000   0.000
122        123          87-43-20.51      1.76   0.000   0.000
123        122          92-16-42.28      1.76   0.000   0.000
123        TIMS         89-12-22.48      1.42   0.000   0.000
123        124          84-13-03.39      1.51   0.000   0.000
123        122          92-16-42.28      1.76   0.000   0.000
123        TIMS         89-12-22.48      1.42   0.000   0.000
123        124          84-13-03.39      1.51   0.000   0.000
124        GPS1         92-13-01.06      1.37   0.000   0.000
124        123          95-47-00.18      1.51   0.000   0.000
124        104          91-07-21.47      1.23   0.000   0.000
124        100          85-01-38.67      2.07   0.000   0.000
124        GPS1         92-13-01.06      1.37   0.000   0.000
124        123          95-47-00.18      1.51   0.000   0.000
124        104          91-07-21.47      1.23   0.000   0.000
124        100          85-01-38.67      2.07   0.000   0.000
125        GPS1         95-22-27.21      1.99   0.000   0.000
125        126          86-49-28.75      1.53   0.000   0.000
125        GPS1         95-22-27.21      1.99   0.000   0.000
125        126          86-49-28.75      1.53   0.000   0.000
126        100          91-29-05.81      2.14   0.000   0.000
126        125          93-10-34.76      1.53   0.000   0.000
126        GPS4         88-16-53.85      1.77   0.000   0.000
126        100          91-29-05.81      2.14   0.000   0.000
126        125          93-10-34.76      1.53   0.000   0.000
126        GPS4         88-16-53.85      1.77   0.000   0.000
127        GPS6         92-39-53.97      2.47   0.000   0.000
127        110          89-41-23.84      1.28   0.000   0.000
127        115          90-00-00.75      2.87   0.000   0.000
127        GPS6         92-39-53.97      2.47   0.000   0.000
127        110          89-41-23.84      1.28   0.000   0.000
127        115          90-00-00.75      2.87   0.000   0.000
GPS1       125          84-37-35.16      1.99   0.000   0.000
GPS1       121          94-14-47.21      2.89   0.000   0.000
GPS1       124          87-47-03.25      1.37   0.000   0.000
GPS1       125          84-37-35.16      1.99   0.000   0.000
GPS1       121          94-14-47.21      2.89   0.000   0.000
GPS1       124          87-47-03.25      1.37   0.000   0.000
GPS2       110          90-00-01.64      1.59   0.000   0.000
GPS2       109          94-07-45.37      1.54   0.000   0.000
GPS2       105          83-56-07.08      1.44   0.000   0.000
GPS2       GPS5         88-37-42.71      1.12   0.000   0.000
GPS2       110          90-00-01.64      1.59   0.000   0.000
GPS2       109          94-07-45.37      1.54   0.000   0.000
GPS2       105          83-56-07.08      1.44   0.000   0.000
GPS2       GPS5         88-37-42.71      1.12   0.000   0.000
GPS3       116          91-50-15.05      1.54   0.000   0.000
GPS3       117          85-44-59.35      2.89   0.000   0.000
GPS3       116          91-50-15.05      1.54   0.000   0.000
GPS3       117          85-44-59.35      2.89   0.000   0.000
GPS4       126          91-43-08.93      1.77   0.000   0.000
GPS4       100          92-34-08.34      1.65   0.000   0.000
GPS4       102          92-40-07.87      1.97   0.000   0.000
GPS4       126          91-43-08.93      1.77   0.000   0.000
GPS4       100          92-34-08.34      1.65   0.000   0.000
GPS4       102          92-40-07.87      1.97   0.000   0.000
GPS5       POT          86-00-35.61      2.73   0.000   0.000
GPS5       GPS2         91-22-25.42      1.12   0.000   0.000
GPS5       POT          86-00-35.61      2.73   0.000   0.000
GPS5       GPS2         91-22-25.42      1.12   0.000   0.000
GPS6       127          87-20-07.82      2.47   0.000   0.000
GPS6       119          90-32-14.53      1.69   0.000   0.000
GPS6       FM1          85-15-30.26      1.25   0.000   0.000
GPS6       127          87-20-07.82      2.47   0.000   0.000
GPS6       119          90-32-14.53      1.69   0.000   0.000
GPS6       FM1          85-15-30.26      1.25   0.000   0.000
FM1        120          90-34-46.45      1.78   0.000   0.000
FM1        GPS6         94-44-35.10      1.25   0.000   0.000
FM1        122          87-57-30.73      2.00   0.000   0.000
FM1        112          91-12-57.58      1.26   0.000   0.000
FM1        121          84-25-36.74      1.74   0.000   0.000
FM1        120          90-34-46.45      1.78   0.000   0.000
FM1        GPS6         94-44-35.10      1.25   0.000   0.000
FM1        122          87-57-30.73      2.00   0.000   0.000
FM1        112          91-12-57.58      1.26   0.000   0.000
FM1        121          84-25-36.74      1.74   0.000   0.000
PEAT       100          91-25-19.90      3.76   0.000   0.000
PEAT       101          87-54-05.56      5.44   0.000   0.000
PEAT       100          91-25-19.90      3.76   0.000   0.000
PEAT       101          87-54-05.56      5.44   0.000   0.000
TIMS       104          85-32-53.80      1.91   0.000   0.000
TIMS       123          90-47-41.53      1.42   0.000   0.000
TIMS       104          85-32-53.80      1.91   0.000   0.000
TIMS       123          90-47-41.53      1.42   0.000   0.000
PITA       106          90-45-30.84      2.17   0.000   0.000
PITA       107          95-13-48.42      4.57   0.000   0.000
PITA       106          90-45-30.84      2.17   0.000   0.000
PITA       107          95-13-48.42      4.57   0.000   0.000
POT        108          83-12-28.45      4.46   0.000   0.000
POT        106          86-00-57.75      1.43   0.000   0.000
POT        GPS5         93-59-25.99      2.73   0.000   0.000
POT        108          83-12-28.45      4.46   0.000   0.000
POT        106          86-00-57.75      1.43   0.000   0.000
POT        GPS5         93-59-25.99      2.73   0.000   0.000
GATE       114          83-35-54.93      2.28   0.000   0.000
GATE       116          90-49-55.65      1.46   0.000   0.000
GATE       114          83-35-54.93      2.28   0.000   0.000
GATE       116          90-49-55.65      1.46   0.000   0.000

             Number of Measured Direction Observations (DMS) = 244

From       To            Direction      StdErr     t-T

Set 1
128        103         274-39-14.83       1.60    0.00
128        104         343-23-05.05       2.00   -0.03
128        TIMS        342-49-24.39       1.42   -0.06
128        129         111-50-56.57       3.86    0.00

Set 2
128        103         274-39-14.83       1.60    0.00
128        104         343-23-05.05       2.00   -0.03
128        TIMS        342-49-24.39       1.42   -0.06
128        129         111-50-56.57       3.86    0.00

Set 3
129        128         291-50-56.57       3.86   -0.00
129        PITA         61-43-22.66       2.11   -0.02

Set 4
129        128         291-50-56.57       3.86   -0.00
129        PITA         61-43-22.66       2.11   -0.02

Set 5
100        126         268-46-10.54       3.01    0.00
100        GPS4        207-55-58.13       2.20    0.03
100        124          32-42-10.66       2.90   -0.02
100        PEAT        161-21-21.25       5.52    0.01

Set 6
100        126         268-46-10.54       3.01    0.00
100        GPS4        207-55-58.13       2.20    0.03
100        124          32-42-10.66       2.90   -0.02
100        PEAT        161-21-21.25       5.52    0.01

Set 7
101        PEAT        349-18-14.38       8.08   -0.01
101        102         144-50-19.54       8.60    0.01

Set 8
101        PEAT        349-18-14.38       8.08   -0.01
101        102         144-50-19.54       8.60    0.01

Set 9
102        101         324-50-19.54       8.60   -0.00
102        GPS4        261-35-11.61       2.74    0.01
102        103         103-51-26.27       3.34    0.00

Set 10
102        101         324-50-19.54       8.60   -0.00
102        GPS4        261-35-11.61       2.74    0.01
102        103         103-51-26.27       3.34    0.00

Set 11
103        102         283-51-26.27       3.34   -0.00
103        104          52-19-56.99       1.60   -0.03

Set 12
103        102         283-51-26.27       3.34   -0.00
103        104          52-19-56.99       1.60   -0.03

Set 13
104        103         232-19-56.99       1.60    0.03
104        124         288-03-59.34       1.46   -0.01
104        TIMS        342-02-08.26       2.63   -0.02
104        105          47-38-42.60       1.84   -0.03

Set 14
104        103         232-19-56.99       1.60    0.03
104        124         288-03-59.34       1.46   -0.01
104        TIMS        342-02-08.26       2.63   -0.02
104        105          47-38-42.60       1.84   -0.03

Set 15
105        104         227-38-42.60       1.84    0.03
105        111         311-51-33.01       1.42   -0.04
105        GPS2          8-02-02.47       1.84   -0.04
105        106         159-36-20.44       1.96    0.03

Set 16
105        104         227-38-42.60       1.84    0.03
105        111         311-51-33.01       1.42   -0.04
105        GPS2          8-02-02.47       1.84   -0.04
105        106         159-36-20.44       1.96    0.03

Set 17
106        105         339-36-20.44       1.96   -0.03
106        108         109-20-10.19       2.09    0.01
106        PITA        143-55-09.78       3.06    0.02
106        POT          99-19-35.19       1.82    0.00

Set 18
106        105         339-36-20.44       1.96   -0.03
106        108         109-20-10.19       2.09    0.01
106        PITA        143-55-09.78       3.06    0.02
106        POT          99-19-35.19       1.82    0.00

Set 19
107        PITA        256-22-53.03       6.75    0.00
107        108          68-41-53.86       5.77   -0.01

Set 20
107        PITA        256-22-53.03       6.75    0.00
107        108          68-41-53.86       5.77   -0.01

Set 21
108        107         248-41-53.86       5.77    0.00
108        106         289-20-10.19       2.09   -0.01
108        POT          61-20-46.47       6.59   -0.01

Set 22
108        107         248-41-53.86       5.77    0.00
108        106         289-20-10.19       2.09   -0.01
108        POT          61-20-46.47       6.59   -0.01

Set 23
109        GPS2        168-06-37.68       2.02    0.03
109        110         235-54-31.79       3.22    0.01
109        114         335-24-51.59       1.84   -0.03

Set 24
109        GPS2        168-06-37.68       2.02    0.03
109        110         235-54-31.79       3.22    0.01
109        114         335-24-51.59       1.84   -0.03

Set 25
110        GPS2        133-58-26.10       2.11    0.02
110        115         313-43-36.60       1.94   -0.02
110        109          55-54-31.79       3.22   -0.01
110        127         309-35-44.33       1.55   -0.03
110        OLDA        320-40-17.22       1.79   -0.03

Set 26
110        GPS2        133-58-26.10       2.11    0.02
110        115         313-43-36.60       1.94   -0.02
110        109          55-54-31.79       3.22   -0.01
110        127         309-35-44.33       1.55   -0.03
110        OLDA        320-40-17.22       1.79   -0.03

Set 27
111        105         131-51-33.01       1.42    0.04
111        112         353-23-56.39       3.65   -0.02
111        Meridian     97-07-50.66       5.43    0.00

Set 28
111        105         131-51-33.01       1.42    0.04
111        112         353-23-56.39       3.65   -0.02
111        Meridian     97-07-50.66       5.43    0.00

Set 29
112        Meridian    144-29-55.38       2.84    0.02
112        111         173-23-56.39       3.65    0.02
112        113         288-25-08.81       6.06   -0.00
112        FM1         276-37-00.10       1.53    0.00

Set 30
112        Meridian    144-29-55.38       2.84    0.02
112        111         173-23-56.39       3.65    0.02
112        113         288-25-08.81       6.06   -0.00
112        FM1         276-37-00.10       1.53    0.00

Set 31
113        112         108-25-08.81       6.06    0.00
113        115          24-59-16.38       2.34   -0.03
113        122         240-49-45.86       2.14    0.02
113        OLDA         21-06-23.20       2.01   -0.03

Set 32
113        112         108-25-08.81       6.06    0.00
113        115          24-59-16.38       2.34   -0.03
113        122         240-49-45.86       2.14    0.02
113        OLDA         21-06-23.20       2.01   -0.03

Set 33
114        109         155-24-51.59       1.84    0.03
114        GATE         33-59-45.02       3.23   -0.02

Set 34
114        109         155-24-51.59       1.84    0.03
114        GATE         33-59-45.02       3.23   -0.02

Set 35
115        110         133-43-36.60       1.94    0.02
115        113         204-59-16.38       2.34    0.03
115        127         299-33-36.88       4.15   -0.01

Set 36
115        110         133-43-36.60       1.94    0.02
115        113         204-59-16.38       2.34    0.03
115        127         299-33-36.88       4.15   -0.01

Set 37
116        GATE        143-29-58.28       1.88    0.03
116        GPS3        300-20-07.46       2.02   -0.01

Set 38
116        GATE        143-29-58.28       1.88    0.03
116        GPS3        300-20-07.46       2.02   -0.01

Set 39
117        GPS3         78-16-12.04       4.19   -0.01
117        118         208-54-49.80       3.43    0.02

Set 40
117        GPS3         78-16-12.04       4.19   -0.01
117        118         208-54-49.80       3.43    0.02

Set 41
118        117          28-54-49.80       3.43   -0.02
118        119         200-58-50.36       1.92    0.04

Set 42
118        117          28-54-49.80       3.43   -0.02
118        119         200-58-50.36       1.92    0.04

Set 43
119        118          20-58-50.36       1.92   -0.04
119        GPS6        112-32-30.47       2.28    0.01
119        120         212-04-26.57       1.58    0.05

Set 44
119        118          20-58-50.36       1.92   -0.04
119        GPS6        112-32-30.47       2.28    0.01
119        120         212-04-26.57       1.58    0.05

Set 45
120        119          32-04-26.57       1.58   -0.05
120        FM1         119-47-49.60       2.43    0.01

Set 46
120        119          32-04-26.57       1.58   -0.05
120        FM1         119-47-49.60       2.43    0.01

Set 47
121        FM1          19-23-31.40       2.36   -0.03
121        GPS1        196-22-44.32       4.18    0.02

Set 48
121        FM1          19-23-31.40       2.36   -0.03
121        GPS1        196-22-44.32       4.18    0.02

Set 49
122        113          60-49-45.86       2.14   -0.02
122        FM1         322-21-29.14       2.79   -0.02
122        123         141-33-58.08       2.39    0.02

Set 50
122        113          60-49-45.86       2.14   -0.02
122        FM1         322-21-29.14       2.79   -0.02
122        123         141-33-58.08       2.39    0.02

Set 51
123        122         321-33-58.08       2.39   -0.02
123        TIMS        130-13-46.54       1.82    0.02
123        124         206-01-48.98       1.98    0.03

Set 52
123        122         321-33-58.08       2.39   -0.02
123        TIMS        130-13-46.54       1.82    0.02
123        124         206-01-48.98       1.98    0.03

Set 53
124        GPS1        316-27-58.42       1.73   -0.03
124        123          26-01-48.98       1.98   -0.03
124        104         108-03-59.34       1.46    0.01
124        100         212-42-10.66       2.90    0.02

Set 54
124        GPS1        316-27-58.42       1.73   -0.03
124        123          26-01-48.98       1.98   -0.03
124        104         108-03-59.34       1.46    0.01
124        100         212-42-10.66       2.90    0.02

Set 55
125        GPS1         42-01-25.03       2.76   -0.02
125        126         160-01-24.84       2.00    0.03

Set 56
125        GPS1         42-01-25.03       2.76   -0.02
125        126         160-01-24.84       2.00    0.03

Set 57
126        100          88-46-10.54       3.01   -0.00
126        125         340-01-24.84       2.00   -0.03
126        GPS4        165-33-20.38       2.41    0.03

Set 58
126        100          88-46-10.54       3.01   -0.00
126        125         340-01-24.84       2.00   -0.03
126        GPS4        165-33-20.38       2.41    0.03

Set 59
127        GPS6        320-06-40.03       3.54   -0.01
127        110         129-35-44.33       1.55    0.03
127        115         119-33-36.88       4.15    0.01

Set 60
127        GPS6        320-06-40.03       3.54   -0.01
127        110         129-35-44.33       1.55    0.03
127        115         119-33-36.88       4.15    0.01

Set 61
GPS1       125         222-01-25.03       2.76    0.02
GPS1       121          16-22-44.32       4.18   -0.01
GPS1       124         136-27-58.42       1.73    0.03

Set 62
GPS1       125         222-01-25.03       2.76    0.02
GPS1       121          16-22-44.32       4.18   -0.01
GPS1       124         136-27-58.42       1.73    0.03

Set 63
GPS2       110         313-58-26.10       2.11   -0.02
GPS2       109         348-06-37.68       2.02   -0.03
GPS2       105         188-02-02.47       1.84    0.04
GPS2       GPS5        141-35-08.91       1.25    0.06

Set 64
GPS2       110         313-58-26.10       2.11   -0.02
GPS2       109         348-06-37.68       2.02   -0.03
GPS2       105         188-02-02.47       1.84    0.04
GPS2       GPS5        141-35-08.91       1.25    0.06

Set 65
GPS3       116         120-20-07.46       2.02    0.01
GPS3       117         258-16-12.04       4.19    0.00

Set 66
GPS3       116         120-20-07.46       2.02    0.01
GPS3       117         258-16-12.04       4.19    0.00

Set 67
GPS4       126         345-33-20.38       2.41   -0.03
GPS4       100          27-55-58.13       2.20   -0.03
GPS4       102          81-35-11.61       2.74   -0.01

Set 68
GPS4       126         345-33-20.38       2.41   -0.03
GPS4       100          27-55-58.13       2.20   -0.03
GPS4       102          81-35-11.61       2.74   -0.01

Set 69
GPS5       POT         194-37-02.59       3.94    0.02
GPS5       GPS2        321-35-08.91       1.25   -0.06

Set 70
GPS5       POT         194-37-02.59       3.94    0.02
GPS5       GPS2        321-35-08.91       1.25   -0.06

Set 71
GPS6       127         140-06-40.03       3.54    0.01
GPS6       119         292-32-30.47       2.28   -0.01
GPS6       FM1         213-58-16.90       1.51    0.05

Set 72
GPS6       127         140-06-40.03       3.54    0.01
GPS6       119         292-32-30.47       2.28   -0.01
GPS6       FM1         213-58-16.90       1.51    0.05

Set 73
FM1        120         299-47-49.60       2.43   -0.01
FM1        GPS6         33-58-16.90       1.51   -0.05
FM1        122         142-21-29.14       2.79    0.02
FM1        112          96-37-00.10       1.53    0.00
FM1        121         199-23-31.40       2.36    0.03

Set 74
FM1        120         299-47-49.60       2.43   -0.01
FM1        GPS6         33-58-16.90       1.51   -0.05
FM1        122         142-21-29.14       2.79    0.02
FM1        112          96-37-00.10       1.53    0.00
FM1        121         199-23-31.40       2.36    0.03

Set 75
PEAT       100         341-21-21.25       5.52   -0.01
PEAT       101         169-18-14.38       8.08    0.01

Set 76
PEAT       100         341-21-21.25       5.52   -0.01
PEAT       101         169-18-14.38       8.08    0.01

Set 77
TIMS       104         162-02-08.26       2.63    0.02
TIMS       123         310-13-46.54       1.82   -0.02

Set 78
TIMS       104         162-02-08.26       2.63    0.02
TIMS       123         310-13-46.54       1.82   -0.02

Set 79
PITA       106         323-55-09.78       3.06   -0.02
PITA       107          76-22-53.03       6.75   -0.00

Set 80
PITA       106         323-55-09.78       3.06   -0.02
PITA       107          76-22-53.03       6.75   -0.00

Set 81
POT        108         241-20-46.47       6.59    0.01
POT        106         279-19-35.19       1.82   -0.00
POT        GPS5         14-37-02.59       3.94   -0.02

Set 82
POT        108         241-20-46.47       6.59    0.01
POT        106         279-19-35.19       1.82   -0.00
POT        GPS5         14-37-02.59       3.94   -0.02

Set 83
GATE       114         213-59-45.02       3.23    0.02
GATE       116         323-29-58.28       1.88   -0.03

Set 84
GATE       114         213-59-45.02       3.23    0.02
GATE       116         323-29-58.28       1.88   -0.03

             Number of Grid Azimuth/Bearing Observations (DMS) = 1

From       To            Bearing       StdErr
GPS2       GPS5       N60-29-49.36W     FIXED

Error Propagation
=================

Station Coordinate Standard Deviations (Meters)

Station                     E             N             Elev
100                     0.002352      0.002224      0.000310
101                     0.002507      0.002284      0.000407
102                     0.002511      0.002230      0.000339
103                     0.002513      0.002218      0.000450
104                     0.002303      0.002192      0.000485
105                     0.002199      0.002254      0.000572
106                     0.002269      0.002334      0.000650
107                     0.002379      0.002402      0.000710
108                     0.002313      0.002388      0.000694
109                     0.002159      0.002301      0.000666
110                     0.002137      0.002206      0.000627
111                     0.002200      0.002218      0.000647
112                     0.002179      0.002169      0.000608
113                     0.002162      0.002141      0.000594
114                     0.002415      0.002360      0.000775
115                     0.002198      0.002153      0.000629
116                     0.002731      0.002342      0.000847
117                     0.002872      0.002297      0.000819
118                     0.002682      0.002278      0.000780
119                     0.002364      0.002248      0.000682
120                     0.002243      0.002436      0.000659
121                     0.002220      0.002269      0.000548
122                     0.002185      0.002180      0.000556
123                     0.002209      0.002163      0.000515
124                     0.002258      0.002166      0.000421
125                     0.002290      0.002422      0.000477
126                     0.002372      0.002334      0.000327
127                     0.002207      0.002154      0.000639
128                     0.002511      0.002293      0.000586
129                     0.002564      0.002352      0.000650
GPS1                    0.002233      0.002265      0.000486
GPS2                    0.002144      0.002271      0.000625
GPS3                    0.002893      0.002273      0.000840
GPS4                    0.002553      0.002303      0.000000
GPS5                    0.002180      0.002280      0.000736
GPS6                    0.002268      0.002150      0.000640
FRDN                    0.000000      0.000000      0.000000
FM1                     0.002160      0.002210      0.000556
PEAT                    0.002453      0.002283      0.000401
PITA                    0.002381      0.002398      0.000675
POT                     0.002245      0.002373      0.000698
GATE                    0.002544      0.002487      0.000818
TIMS                    0.002254      0.002218      0.000542
Meridian                0.002279      0.002281      0.000835
OLDA                    0.002307      0.002260      0.000790

Station Coordinate Error Ellipses (Meters)
                            Confidence Region = 95%

Station                 Semi-Major    Semi-Minor   Azimuth of       Elev
                            Axis          Axis     Major Axis
100                       0.005855      0.005338     116-26       0.000608
101                       0.006227      0.005490     111-03       0.000797
102                       0.006199      0.005398     105-25       0.000665
103                       0.006158      0.005421      95-43       0.000881
104                       0.005719      0.005279      64-04       0.000950
105                       0.005658      0.005234      35-40       0.001122
106                       0.005857      0.005401      34-51       0.001274
107                       0.006152      0.005534      42-21       0.001391
108                       0.006068      0.005423      36-39       0.001359
109                       0.005634      0.005285       2-10       0.001305
110                       0.005400      0.005230       4-32       0.001230
111                       0.005469      0.005346      34-16       0.001268
112                       0.005334      0.005309      95-11       0.001192
113                       0.005293      0.005240      96-27       0.001165
114                       0.005920      0.005768      76-26       0.001520
115                       0.005407      0.005243     114-20       0.001232
116                       0.006744      0.005662     104-08       0.001660
117                       0.007070      0.005573      80-00       0.001606
118                       0.006636      0.005491      75-02       0.001529
119                       0.005937      0.005339      59-12       0.001336
120                       0.005964      0.005490       2-13       0.001291
121                       0.005592      0.005395     153-34       0.001074
122                       0.005411      0.005272     132-17       0.001089
123                       0.005427      0.005273     111-44       0.001009
124                       0.005582      0.005242     114-14       0.000824
125                       0.005978      0.005552     159-36       0.000934
126                       0.006106      0.005390     131-16       0.000642
127                       0.005402      0.005271      91-53       0.001252
128                       0.006267      0.005476      66-15       0.001148
129                       0.006436      0.005579      63-38       0.001274
GPS1                      0.005606      0.005401     146-11       0.000952
GPS2                      0.005612      0.005191      21-20       0.001225
GPS3                      0.007085      0.005560      87-19       0.001647
GPS4                      0.006480      0.005370     118-15       0.000000
GPS5                      0.005604      0.005311      16-26       0.001443
GPS6                      0.005560      0.005254      80-07       0.001255
FRDN                      0.000000      0.000000       0-00       0.000000
FM1                       0.005410      0.005287       0-20       0.001089
PEAT                      0.006097      0.005488     113-31       0.000785
PITA                      0.006100      0.005587      42-33       0.001323
POT                       0.005940      0.005354      28-48       0.001368
GATE                      0.006277      0.006037     117-18       0.001604
TIMS                      0.005535      0.005410      67-20       0.001063
Meridian                  0.005652      0.005510      43-45       0.001636
OLDA                      0.005687      0.005492     116-45       0.001549

Relative Error Ellipses (Meters)
                            Confidence Region = 95%

Stations                Semi-Major    Semi-Minor   Azimuth of     Vertical
From       To               Axis          Axis     Major Axis
100        124            0.001562      0.001518      52-36       0.000670
100        126            0.001638      0.001319     174-24       0.000602
100        GPS4           0.002167      0.001327     119-16       0.000608
100        PEAT           0.001586      0.001497     153-36       0.000634
101        102            0.001586      0.001359     153-37       0.000625
101        PEAT           0.001583      0.001364     158-05       0.000626
102        103            0.001726      0.001537      99-33       0.000692
102        GPS4           0.001975      0.001587     148-57       0.000665
103        104            0.002388      0.001597     141-36       0.000801
103        128            0.002754      0.002104      22-30       0.000979
104        105            0.001843      0.001727     140-52       0.000778
104        124            0.002424      0.001503      14-49       0.000768
104        128            0.002382      0.001740      54-54       0.000844
104        TIMS           0.001491      0.001484     141-02       0.000677
105        106            0.001741      0.001406     149-48       0.000787
105        111            0.002594      0.001676      36-06       0.000928
105        GPS2           0.001665      0.001467     178-55       0.000769
106        108            0.001941      0.001337      19-28       0.000619
106        PITA           0.001709      0.001566      66-37       0.000632
106        POT            0.002097      0.001385       2-33       0.000675
107        108            0.001558      0.001445      63-09       0.000631
107        PITA           0.001556      0.001315      85-08       0.000625
108        POT            0.001471      0.001235      66-26       0.000615
109        110            0.001457      0.001414     109-23       0.000645
109        114            0.002829      0.001900      62-18       0.000900
109        GPS2           0.001751      0.001455      92-08       0.000698
110        115            0.002124      0.001380      53-04       0.000676
110        127            0.002708      0.001470      42-27       0.000724
110        GPS2           0.001534      0.001371      41-31       0.000657
110        OLDA           0.002690      0.002082      50-49       0.001137
111        112            0.001456      0.001340     173-10       0.000661
111        Meridian       0.001672      0.001565     162-20       0.001197
112        113            0.001450      0.001282     117-00       0.000619
112        FM1            0.002598      0.001539       6-12       0.000769
112        Meridian       0.001852      0.001716      68-03       0.001165
113        115            0.001820      0.001460     111-02       0.000699
113        122            0.001803      0.001471     151-59       0.000695
113        OLDA           0.002483      0.001985     115-45       0.001139
114        GATE           0.001935      0.001727     171-43       0.000754
115        127            0.001453      0.001342     136-24       0.000613
116        GATE           0.003050      0.001889      57-42       0.000889
116        GPS3           0.002833      0.001882      33-20       0.000856
117        118            0.001927      0.001776      81-53       0.000737
117        GPS3           0.001817      0.001682      76-52       0.000716
118        119            0.002560      0.001909     105-27       0.000880
119        120            0.002899      0.001675     121-54       0.000876
119        GPS6           0.001980      0.001679      26-11       0.000739
120        FM1            0.001960      0.001674     176-44       0.000742
121        FM1            0.001855      0.001718      79-02       0.000755
121        GPS1           0.001709      0.001349      11-52       0.000680
122        123            0.001693      0.001543       3-29       0.000719
122        FM1            0.001521      0.001513     123-45       0.000641
123        124            0.001873      0.001525     116-32       0.000730
123        TIMS           0.002027      0.001593      39-27       0.000776
124        GPS1           0.002236      0.001597      52-08       0.000758
125        126            0.002252      0.001716      66-43       0.000782
125        GPS1           0.001839      0.001669     176-23       0.000721
126        GPS4           0.001955      0.001434      81-46       0.000642
127        GPS6           0.001654      0.001439     114-52       0.000670
128        129            0.001771      0.001399     104-51       0.000705
128        TIMS           0.002927      0.001940      65-22       0.000958
129        PITA           0.002991      0.002384     134-28       0.001032
FM1        GPS6           0.002656      0.001506     125-15       0.000783
GPS2       GPS5           0.001873      0.000003     141-35       0.001091
GPS5       POT            0.001780      0.001387      31-07       0.000706