INDUSTRY-STANDARD-STYLE Listing (WebNet Emulation)
Run Date: 2026-05-01, 9:07:13 a.m.

Summary of Files Used and Option Settings
=========================================

                         Project Folder and Data Files

                            Project Option Settings

      STAR*NET Run Mode                   : Preanalysis
      Type of Adjustment                  : 3D
      Project Units                       : Meters; DMS
      Coordinate System                   : UTM83-19
      Geoid Height                        : 0.0000 (Default, Meters)
      Vertical Deflection                 : N=0.000 E=0.000 (Seconds)
      Longitude Sign Convention           : Positive West
      Input/Output Coordinate Order       : East-North
      Angle Data Station Order            : At-From-To
      Distance/Vertical Data Type         : Slope/Zenith
      Convergence Limit; Max Iterations   : 0.010000; 10
      Default Coefficient of Refraction   : 0.070000
      Create Coordinate File              : Yes
      Create Geodetic Position File       : No
      Create Ground Scale Coordinate File : No
      Create Dump File                    : No

                       Instrument Standard Error Settings

      Project Default Instrument
        Distances (Constant)              :    0.001000 Meters
        Distances (PPM)                   :    1.500000
        Angles                            :    1.414000 Seconds
        Directions                        :    1.000000 Seconds
        Azimuths & Bearings               :    1.414000 Seconds
        Zeniths                           :    1.000000 Seconds
        Elevation Differences (Constant)  :    0.015240 Meters
        Elevation Differences (PPM)       :    0.000000
        Differential Levels               :    0.001500 Meters / Km
        Centering Error Instrument        :    0.000750 Meters
        Centering Error Target            :    0.000750 Meters
        Centering Error Vertical          :    0.000500 Meters

      Project Library Instrument S9
        Note: camp design library instrument
        Distances (Constant)              :    0.000800 Meters
        Distances (PPM)                   :    1.000000
        Angles                            :    0.707107 Seconds
        Directions                        :    0.500000 Seconds
        Azimuths & Bearings               :    0.707107 Seconds
        Zeniths                           :    0.500000 Seconds
        Elevation Differences (Constant)  :    0.015240 Meters
        Elevation Differences (PPM)       :    0.000000
        Centering Error Instrument        :    0.000750 Meters
        Centering Error Target            :    0.000750 Meters
        Centering Error Vertical          :    0.000500 Meters

      Project Library Instrument SX12
        Note: n/a
        Distances (Constant)              :    0.001000 Meters
        Distances (PPM)                   :    1.500000
        Angles                            :    1.414000 Seconds
        Directions                        :    1.000000 Seconds
        Azimuths & Bearings               :    1.414000 Seconds
        Zeniths                           :    1.000000 Seconds
        Elevation Differences (Constant)  :    0.015240 Meters
        Elevation Differences (PPM)       :    0.000000
        Centering Error Instrument        :    0.000750 Meters
        Centering Error Target            :    0.000750 Meters
        Centering Error Vertical          :    0.000500 Meters


                    Summary of Unadjusted Input Observations
                    ========================================

                    Number of Entered Stations (Meters) = 48

Fixed Stations              N                 E          Elev   Description
GPS1                5090745.2190       682579.7330     65.0000
GPS2                5090804.6240       683005.0380     39.0000
GPS3                5091288.0780       682770.7870     17.0000
GPS4                5090466.6580       682590.8390     83.0000
GPS5                5090575.7180       683186.5590     46.0000
GPS6                5091053.5170       682736.7200     35.0000
FRDN                5089320.3110       681416.4280    117.0000

Free Stations               N                 E          Elev   Description
100                 5090565.1310       682643.0500     78.0000
101                 5090500.1460       682660.9930     80.0000
102                 5090479.2150       682675.7370     79.0000
103                 5090462.7550       682742.4620     77.0000
104                 5090569.4800       682880.7100     67.0000
105                 5090664.8400       682985.3080     54.0000
106                 5090543.4980       683030.4210     60.0000
107                 5090490.1510       683106.7710     58.0000
108                 5090504.1280       683142.6170     54.0000
109                 5090926.6280       682979.3510     30.0000
110                 5090886.5450       682920.1290     39.0000
111                 5090809.8830       682823.4230     51.0000
112                 5090871.8420       682816.2530     47.0000
113                 5090883.4110       682781.5140     49.0000
114                 5091055.2110       682920.5200     23.0000
115                 5090977.2850       682825.2640     38.0000
116                 5091225.0890       682878.4270     13.0000
117                 5091277.1360       682718.0890     21.0000
118                 5091218.7920       682685.8630     26.0000
119                 5091094.4220       682638.1700     34.0000
120                 5090942.7260       682543.1070     50.0000
121                 5090796.9070       682594.9250     61.0000
122                 5090826.9360       682680.3420     54.0000
123                 5090748.1700       682742.8470     58.0000
124                 5090632.8270       682686.5150     71.0000
125                 5090682.0420       682522.8010     73.0000
126                 5090563.4740       682565.9010     80.0000
127                 5091004.0590       682778.0570     38.0000
128                 5090448.5630       682916.7920     75.0000
129                 5090426.7020       682971.3130     72.0000
FM1                 5090893.5690       682628.9500     51.0000
PEAT                5090526.9620       682655.9280     79.0000
PITA                5090482.4340       683074.9180     61.0000
POT                 5090520.2320       683172.0880     50.0000
GATE                5091114.3270       682960.3880     15.0000
TIMS                5090655.0020       682852.9810     60.0000
Meridian            5090804.7970       682864.0780      0.0000
OLDA                5091000.5440       682826.7270      0.0000

Unused Stations
OOP
APOG
BROD

            Number of Measured Distance Observations (Meters) = 244

From       To            Distance   StdErr      HI      HT  Comb Grid  Type
128        103           174.9183   0.0016   0.000   0.000  0.9999990   S
128        104           126.4390   0.0016   0.000   0.000  1.0000001   S
128        TIMS          216.5960   0.0017   0.000   0.000  1.0000006   S
128        129            58.8170   0.0015   0.000   0.000  0.9999999   S
128        103           174.9183   0.0016   0.000   0.000  0.9999990   S
128        104           126.4390   0.0016   0.000   0.000  1.0000001   S
128        TIMS          216.5960   0.0017   0.000   0.000  1.0000006   S
128        129            58.8170   0.0015   0.000   0.000  0.9999999   S
129        128            58.8170   0.0015   0.000   0.000  0.9999999   S
129        PITA          118.1567   0.0016   0.000   0.000  1.0000014   S
129        128            58.8170   0.0015   0.000   0.000  0.9999999   S
129        PITA          118.1567   0.0016   0.000   0.000  1.0000014   S
100        126            77.1929   0.0015   0.000   0.000  0.9999975   S
100        GPS4          111.5705   0.0016   0.000   0.000  0.9999974   S
100        124            80.7525   0.0015   0.000   0.000  0.9999985   S
100        PEAT           40.2954   0.0015   0.000   0.000  0.9999978   S
100        126            77.1929   0.0015   0.000   0.000  0.9999975   S
100        GPS4          111.5705   0.0016   0.000   0.000  0.9999974   S
100        124            80.7525   0.0015   0.000   0.000  0.9999985   S
100        PEAT           40.2954   0.0015   0.000   0.000  0.9999978   S
101        PEAT           27.3085   0.0015   0.000   0.000  0.9999977   S
101        102            25.6222   0.0015   0.000   0.000  0.9999978   S
101        PEAT           27.3085   0.0015   0.000   0.000  0.9999977   S
101        102            25.6222   0.0015   0.000   0.000  0.9999978   S
102        101            25.6222   0.0015   0.000   0.000  0.9999978   S
102        GPS4           85.9150   0.0015   0.000   0.000  0.9999974   S
102        103            68.7545   0.0015   0.000   0.000  0.9999982   S
102        101            25.6222   0.0015   0.000   0.000  0.9999978   S
102        GPS4           85.9150   0.0015   0.000   0.000  0.9999974   S
102        103            68.7545   0.0015   0.000   0.000  0.9999982   S
103        102            68.7545   0.0015   0.000   0.000  0.9999982   S
103        104           174.9364   0.0016   0.000   0.000  0.9999996   S
103        102            68.7545   0.0015   0.000   0.000  0.9999982   S
103        104           174.9364   0.0016   0.000   0.000  0.9999996   S
104        103           174.9364   0.0016   0.000   0.000  0.9999996   S
104        124           204.3050   0.0017   0.000   0.000  0.9999999   S
104        TIMS           90.1770   0.0016   0.000   0.000  1.0000012   S
104        105           142.1379   0.0016   0.000   0.000  1.0000019   S
104        103           174.9364   0.0016   0.000   0.000  0.9999996   S
104        124           204.3050   0.0017   0.000   0.000  0.9999999   S
104        TIMS           90.1770   0.0016   0.000   0.000  1.0000012   S
104        105           142.1379   0.0016   0.000   0.000  1.0000019   S
105        104           142.1379   0.0016   0.000   0.000  1.0000019   S
105        111           217.3774   0.0017   0.000   0.000  1.0000031   S
105        GPS2          141.9636   0.0016   0.000   0.000  1.0000044   S
105        106           129.5954   0.0016   0.000   0.000  1.0000028   S
105        104           142.1379   0.0016   0.000   0.000  1.0000019   S
105        111           217.3774   0.0017   0.000   0.000  1.0000031   S
105        GPS2          141.9636   0.0016   0.000   0.000  1.0000044   S
105        106           129.5954   0.0016   0.000   0.000  1.0000028   S
106        105           129.5954   0.0016   0.000   0.000  1.0000028   S
106        108           119.0540   0.0016   0.000   0.000  1.0000032   S
106        PITA           75.5630   0.0015   0.000   0.000  1.0000025   S
106        POT           143.9121   0.0016   0.000   0.000  1.0000035   S
106        105           129.5954   0.0016   0.000   0.000  1.0000028   S
106        108           119.0540   0.0016   0.000   0.000  1.0000032   S
106        PITA           75.5630   0.0015   0.000   0.000  1.0000025   S
106        POT           143.9121   0.0016   0.000   0.000  1.0000035   S
107        PITA           32.9114   0.0015   0.000   0.000  1.0000028   S
107        108            38.6818   0.0015   0.000   0.000  1.0000035   S
107        PITA           32.9114   0.0015   0.000   0.000  1.0000028   S
107        108            38.6818   0.0015   0.000   0.000  1.0000035   S
108        107            38.6818   0.0015   0.000   0.000  1.0000035   S
108        106           119.0540   0.0016   0.000   0.000  1.0000032   S
108        POT            33.8211   0.0015   0.000   0.000  1.0000043   S
108        107            38.6818   0.0015   0.000   0.000  1.0000035   S
108        106           119.0540   0.0016   0.000   0.000  1.0000032   S
108        POT            33.8211   0.0015   0.000   0.000  1.0000043   S
109        GPS2          125.0024   0.0016   0.000   0.000  1.0000063   S
109        110            72.0752   0.0015   0.000   0.000  1.0000061   S
109        114           141.5746   0.0016   0.000   0.000  1.0000073   S
109        GPS2          125.0024   0.0016   0.000   0.000  1.0000063   S
109        110            72.0752   0.0015   0.000   0.000  1.0000061   S
109        114           141.5746   0.0016   0.000   0.000  1.0000073   S
110        GPS2          117.9849   0.0016   0.000   0.000  1.0000054   S
110        115           131.2781   0.0016   0.000   0.000  1.0000051   S
110        109            72.0752   0.0015   0.000   0.000  1.0000061   S
110        127           184.3764   0.0017   0.000   0.000  1.0000050   S
110        OLDA          152.4479   0.0016   0.000   0.000  1.0000081   S
110        GPS2          117.9849   0.0016   0.000   0.000  1.0000054   S
110        115           131.2781   0.0016   0.000   0.000  1.0000051   S
110        109            72.0752   0.0015   0.000   0.000  1.0000061   S
110        127           184.3764   0.0017   0.000   0.000  1.0000050   S
110        OLDA          152.4479   0.0016   0.000   0.000  1.0000081   S
111        105           217.3774   0.0017   0.000   0.000  1.0000031   S
111        112            62.5004   0.0015   0.000   0.000  1.0000032   S
111        Meridian       65.4192   0.0014   0.000   0.000  1.0000070   S
111        105           217.3774   0.0017   0.000   0.000  1.0000031   S
111        112            62.5004   0.0015   0.000   0.000  1.0000032   S
111        Meridian       65.4192   0.0014   0.000   0.000  1.0000070   S
112        Meridian       94.8217   0.0015   0.000   0.000  1.0000073   S
112        111            62.5004   0.0015   0.000   0.000  1.0000032   S
112        113            36.6692   0.0015   0.000   0.000  1.0000033   S
112        FM1           188.6008   0.0017   0.000   0.000  1.0000028   S
112        Meridian       94.8217   0.0015   0.000   0.000  1.0000073   S
112        111            62.5004   0.0015   0.000   0.000  1.0000032   S
112        113            36.6692   0.0015   0.000   0.000  1.0000033   S
112        FM1           188.6008   0.0017   0.000   0.000  1.0000028   S
113        112            36.6692   0.0015   0.000   0.000  1.0000033   S
113        115           104.1504   0.0016   0.000   0.000  1.0000040   S
113        122           115.9747   0.0016   0.000   0.000  1.0000024   S
113        OLDA          134.7781   0.0016   0.000   0.000  1.0000070   S
113        112            36.6692   0.0015   0.000   0.000  1.0000033   S
113        115           104.1504   0.0016   0.000   0.000  1.0000040   S
113        122           115.9747   0.0016   0.000   0.000  1.0000024   S
113        OLDA          134.7781   0.0016   0.000   0.000  1.0000070   S
114        109           141.5746   0.0016   0.000   0.000  1.0000073   S
114        GATE           71.7501   0.0015   0.000   0.000  1.0000085   S
114        109           141.5746   0.0016   0.000   0.000  1.0000073   S
114        GATE           71.7501   0.0015   0.000   0.000  1.0000085   S
115        110           131.2781   0.0016   0.000   0.000  1.0000051   S
115        113           104.1504   0.0016   0.000   0.000  1.0000040   S
115        127            54.2708   0.0015   0.000   0.000  1.0000049   S
115        110           131.2781   0.0016   0.000   0.000  1.0000051   S
115        113           104.1504   0.0016   0.000   0.000  1.0000040   S
115        127            54.2708   0.0015   0.000   0.000  1.0000049   S
116        GATE          137.8023   0.0016   0.000   0.000  1.0000092   S
116        GPS3          124.7787   0.0016   0.000   0.000  1.0000086   S
116        GATE          137.8023   0.0016   0.000   0.000  1.0000092   S
116        GPS3          124.7787   0.0016   0.000   0.000  1.0000086   S
117        GPS3           53.9700   0.0015   0.000   0.000  1.0000076   S
117        118            66.8392   0.0015   0.000   0.000  1.0000067   S
117        GPS3           53.9700   0.0015   0.000   0.000  1.0000076   S
117        118            66.8392   0.0015   0.000   0.000  1.0000067   S
118        117            66.8392   0.0015   0.000   0.000  1.0000067   S
118        119           133.4403   0.0016   0.000   0.000  1.0000055   S
118        117            66.8392   0.0015   0.000   0.000  1.0000067   S
118        119           133.4403   0.0016   0.000   0.000  1.0000055   S
119        118           133.4403   0.0016   0.000   0.000  1.0000055   S
119        GPS6          106.7062   0.0016   0.000   0.000  1.0000049   S
119        120           179.7344   0.0017   0.000   0.000  1.0000033   S
119        118           133.4403   0.0016   0.000   0.000  1.0000055   S
119        GPS6          106.7062   0.0016   0.000   0.000  1.0000049   S
119        120           179.7344   0.0017   0.000   0.000  1.0000033   S
120        119           179.7344   0.0017   0.000   0.000  1.0000033   S
120        FM1            98.9262   0.0016   0.000   0.000  1.0000019   S
120        119           179.7344   0.0017   0.000   0.000  1.0000033   S
120        FM1            98.9262   0.0016   0.000   0.000  1.0000019   S
121        FM1           102.9622   0.0016   0.000   0.000  1.0000012   S
121        GPS1           54.0226   0.0015   0.000   0.000  1.0000000   S
121        FM1           102.9622   0.0016   0.000   0.000  1.0000012   S
121        GPS1           54.0226   0.0015   0.000   0.000  1.0000000   S
122        113           115.9747   0.0016   0.000   0.000  1.0000024   S
122        FM1            84.2025   0.0015   0.000   0.000  1.0000019   S
122        123           100.6326   0.0016   0.000   0.000  1.0000016   S
122        113           115.9747   0.0016   0.000   0.000  1.0000024   S
122        FM1            84.2025   0.0015   0.000   0.000  1.0000019   S
122        123           100.6326   0.0016   0.000   0.000  1.0000016   S
123        122           100.6326   0.0016   0.000   0.000  1.0000016   S
123        TIMS          144.2696   0.0016   0.000   0.000  1.0000016   S
123        124           129.0205   0.0016   0.000   0.000  1.0000003   S
123        122           100.6326   0.0016   0.000   0.000  1.0000016   S
123        TIMS          144.2696   0.0016   0.000   0.000  1.0000016   S
123        124           129.0205   0.0016   0.000   0.000  1.0000003   S
124        GPS1          155.1463   0.0016   0.000   0.000  0.9999994   S
124        123           129.0205   0.0016   0.000   0.000  1.0000003   S
124        104           204.3050   0.0017   0.000   0.000  0.9999999   S
124        100            80.7525   0.0015   0.000   0.000  0.9999985   S
124        GPS1          155.1463   0.0016   0.000   0.000  0.9999994   S
124        123           129.0205   0.0016   0.000   0.000  1.0000003   S
124        104           204.3050   0.0017   0.000   0.000  0.9999999   S
124        100            80.7525   0.0015   0.000   0.000  0.9999985   S
125        GPS1           85.4202   0.0015   0.000   0.000  0.9999989   S
125        126           126.3529   0.0016   0.000   0.000  0.9999977   S
125        GPS1           85.4202   0.0015   0.000   0.000  0.9999989   S
125        126           126.3529   0.0016   0.000   0.000  0.9999977   S
126        100            77.1929   0.0015   0.000   0.000  0.9999975   S
126        125           126.3529   0.0016   0.000   0.000  0.9999977   S
126        GPS4          100.0215   0.0016   0.000   0.000  0.9999970   S
126        100            77.1929   0.0015   0.000   0.000  0.9999975   S
126        125           126.3529   0.0016   0.000   0.000  0.9999977   S
126        GPS4          100.0215   0.0016   0.000   0.000  0.9999970   S
127        GPS6           64.5275   0.0015   0.000   0.000  1.0000049   S
127        110           184.3764   0.0017   0.000   0.000  1.0000050   S
127        115            54.2708   0.0015   0.000   0.000  1.0000049   S
127        GPS6           64.5275   0.0015   0.000   0.000  1.0000049   S
127        110           184.3764   0.0017   0.000   0.000  1.0000050   S
127        115            54.2708   0.0015   0.000   0.000  1.0000049   S
GPS1       125            85.4202   0.0015   0.000   0.000  0.9999989   S
GPS1       121            54.0226   0.0015   0.000   0.000  1.0000000   S
GPS1       124           155.1463   0.0016   0.000   0.000  0.9999994   S
GPS1       125            85.4202   0.0015   0.000   0.000  0.9999989   S
GPS1       121            54.0226   0.0015   0.000   0.000  1.0000000   S
GPS1       124           155.1463   0.0016   0.000   0.000  0.9999994   S
GPS2       110           117.9849   0.0016   0.000   0.000  1.0000054   S
GPS2       109           125.0024   0.0016   0.000   0.000  1.0000063   S
GPS2       105           141.9636   0.0016   0.000   0.000  1.0000044   S
GPS2       GPS5          292.2258   0.0018   0.000   0.000  1.0000055   S
GPS2       110           117.9849   0.0016   0.000   0.000  1.0000054   S
GPS2       109           125.0024   0.0016   0.000   0.000  1.0000063   S
GPS2       105           141.9636   0.0016   0.000   0.000  1.0000044   S
GPS2       GPS5          292.2258   0.0018   0.000   0.000  1.0000055   S
GPS3       116           124.7787   0.0016   0.000   0.000  1.0000086   S
GPS3       117            53.9700   0.0015   0.000   0.000  1.0000076   S
GPS3       116           124.7787   0.0016   0.000   0.000  1.0000086   S
GPS3       117            53.9700   0.0015   0.000   0.000  1.0000076   S
GPS4       126           100.0215   0.0016   0.000   0.000  0.9999970   S
GPS4       100           111.5705   0.0016   0.000   0.000  0.9999974   S
GPS4       102            85.9150   0.0015   0.000   0.000  0.9999974   S
GPS4       126           100.0215   0.0016   0.000   0.000  0.9999970   S
GPS4       100           111.5705   0.0016   0.000   0.000  0.9999974   S
GPS4       102            85.9150   0.0015   0.000   0.000  0.9999974   S
GPS5       POT            57.4811   0.0015   0.000   0.000  1.0000050   S
GPS5       GPS2          292.2258   0.0018   0.000   0.000  1.0000055   S
GPS5       POT            57.4811   0.0015   0.000   0.000  1.0000050   S
GPS5       GPS2          292.2258   0.0018   0.000   0.000  1.0000055   S
GPS6       127            64.5275   0.0015   0.000   0.000  1.0000049   S
GPS6       119           106.7062   0.0016   0.000   0.000  1.0000049   S
GPS6       FM1           193.5290   0.0017   0.000   0.000  1.0000035   S
GPS6       127            64.5275   0.0015   0.000   0.000  1.0000049   S
GPS6       119           106.7062   0.0016   0.000   0.000  1.0000049   S
GPS6       FM1           193.5290   0.0017   0.000   0.000  1.0000035   S
FM1        120            98.9262   0.0016   0.000   0.000  1.0000019   S
FM1        GPS6          193.5290   0.0017   0.000   0.000  1.0000035   S
FM1        122            84.2025   0.0015   0.000   0.000  1.0000019   S
FM1        112           188.6008   0.0017   0.000   0.000  1.0000028   S
FM1        121           102.9622   0.0016   0.000   0.000  1.0000012   S
FM1        120            98.9262   0.0016   0.000   0.000  1.0000019   S
FM1        GPS6          193.5290   0.0017   0.000   0.000  1.0000035   S
FM1        122            84.2025   0.0015   0.000   0.000  1.0000019   S
FM1        112           188.6008   0.0017   0.000   0.000  1.0000028   S
FM1        121           102.9622   0.0016   0.000   0.000  1.0000012   S
PEAT       100            40.2954   0.0015   0.000   0.000  0.9999978   S
PEAT       101            27.3085   0.0015   0.000   0.000  0.9999977   S
PEAT       100            40.2954   0.0015   0.000   0.000  0.9999978   S
PEAT       101            27.3085   0.0015   0.000   0.000  0.9999977   S
TIMS       104            90.1770   0.0016   0.000   0.000  1.0000012   S
TIMS       123           144.2696   0.0016   0.000   0.000  1.0000016   S
TIMS       104            90.1770   0.0016   0.000   0.000  1.0000012   S
TIMS       123           144.2696   0.0016   0.000   0.000  1.0000016   S
PITA       106            75.5630   0.0015   0.000   0.000  1.0000025   S
PITA       107            32.9114   0.0015   0.000   0.000  1.0000028   S
PITA       106            75.5630   0.0015   0.000   0.000  1.0000025   S
PITA       107            32.9114   0.0015   0.000   0.000  1.0000028   S
POT        108            33.8211   0.0015   0.000   0.000  1.0000043   S
POT        106           143.9121   0.0016   0.000   0.000  1.0000035   S
POT        GPS5           57.4811   0.0015   0.000   0.000  1.0000050   S
POT        108            33.8211   0.0015   0.000   0.000  1.0000043   S
POT        106           143.9121   0.0016   0.000   0.000  1.0000035   S
POT        GPS5           57.4811   0.0015   0.000   0.000  1.0000050   S
GATE       114            71.7501   0.0015   0.000   0.000  1.0000085   S
GATE       116           137.8023   0.0016   0.000   0.000  1.0000092   S
GATE       114            71.7501   0.0015   0.000   0.000  1.0000085   S
GATE       116           137.8023   0.0016   0.000   0.000  1.0000092   S

                    Number of Zenith Observations (DMS) = 0

From       To              Zenith      StdErr      HI      HT

             Number of Measured Direction Observations (DMS) = 244

From       To            Direction      StdErr     t-T

Set 1
128        103           0-00-00.00       1.60    0.00
128        104           0-00-00.00       2.00   -0.03
128        TIMS          0-00-00.00       1.42   -0.06
128        129           0-00-00.00       3.86    0.00

Set 2
128        103           0-00-00.00       1.60    0.00
128        104           0-00-00.00       2.00   -0.03
128        TIMS          0-00-00.00       1.42   -0.06
128        129           0-00-00.00       3.86    0.00

Set 3
129        128           0-00-00.00       3.86   -0.00
129        PITA          0-00-00.00       2.11   -0.02

Set 4
129        128           0-00-00.00       3.86   -0.00
129        PITA          0-00-00.00       2.11   -0.02

Set 5
100        126           0-00-00.00       3.01    0.00
100        GPS4          0-00-00.00       2.20    0.03
100        124           0-00-00.00       2.90   -0.02
100        PEAT          0-00-00.00       5.52    0.01

Set 6
100        126           0-00-00.00       3.01    0.00
100        GPS4          0-00-00.00       2.20    0.03
100        124           0-00-00.00       2.90   -0.02
100        PEAT          0-00-00.00       5.52    0.01

Set 7
101        PEAT          0-00-00.00       8.08   -0.01
101        102           0-00-00.00       8.60    0.01

Set 8
101        PEAT          0-00-00.00       8.08   -0.01
101        102           0-00-00.00       8.60    0.01

Set 9
102        101           0-00-00.00       8.60   -0.00
102        GPS4          0-00-00.00       2.74    0.01
102        103           0-00-00.00       3.34    0.00

Set 10
102        101           0-00-00.00       8.60   -0.00
102        GPS4          0-00-00.00       2.74    0.01
102        103           0-00-00.00       3.34    0.00

Set 11
103        102           0-00-00.00       3.34   -0.00
103        104           0-00-00.00       1.60   -0.03

Set 12
103        102           0-00-00.00       3.34   -0.00
103        104           0-00-00.00       1.60   -0.03

Set 13
104        103           0-00-00.00       1.60    0.03
104        124           0-00-00.00       1.46   -0.01
104        TIMS          0-00-00.00       2.63   -0.02
104        105           0-00-00.00       1.84   -0.03

Set 14
104        103           0-00-00.00       1.60    0.03
104        124           0-00-00.00       1.46   -0.01
104        TIMS          0-00-00.00       2.63   -0.02
104        105           0-00-00.00       1.84   -0.03

Set 15
105        104           0-00-00.00       1.84    0.03
105        111           0-00-00.00       1.42   -0.04
105        GPS2          0-00-00.00       1.84   -0.04
105        106           0-00-00.00       1.96    0.03

Set 16
105        104           0-00-00.00       1.84    0.03
105        111           0-00-00.00       1.42   -0.04
105        GPS2          0-00-00.00       1.84   -0.04
105        106           0-00-00.00       1.96    0.03

Set 17
106        105           0-00-00.00       1.96   -0.03
106        108           0-00-00.00       2.09    0.01
106        PITA          0-00-00.00       3.06    0.02
106        POT           0-00-00.00       1.82    0.00

Set 18
106        105           0-00-00.00       1.96   -0.03
106        108           0-00-00.00       2.09    0.01
106        PITA          0-00-00.00       3.06    0.02
106        POT           0-00-00.00       1.82    0.00

Set 19
107        PITA          0-00-00.00       6.75    0.00
107        108           0-00-00.00       5.77   -0.01

Set 20
107        PITA          0-00-00.00       6.75    0.00
107        108           0-00-00.00       5.77   -0.01

Set 21
108        107           0-00-00.00       5.77    0.00
108        106           0-00-00.00       2.09   -0.01
108        POT           0-00-00.00       6.59   -0.01

Set 22
108        107           0-00-00.00       5.77    0.00
108        106           0-00-00.00       2.09   -0.01
108        POT           0-00-00.00       6.59   -0.01

Set 23
109        GPS2          0-00-00.00       2.02    0.03
109        110           0-00-00.00       3.22    0.01
109        114           0-00-00.00       1.84   -0.03

Set 24
109        GPS2          0-00-00.00       2.02    0.03
109        110           0-00-00.00       3.22    0.01
109        114           0-00-00.00       1.84   -0.03

Set 25
110        GPS2          0-00-00.00       2.11    0.02
110        115           0-00-00.00       1.94   -0.02
110        109           0-00-00.00       3.22   -0.01
110        127           0-00-00.00       1.55   -0.03
110        OLDA          0-00-00.00       1.79   -0.03

Set 26
110        GPS2          0-00-00.00       2.11    0.02
110        115           0-00-00.00       1.94   -0.02
110        109           0-00-00.00       3.22   -0.01
110        127           0-00-00.00       1.55   -0.03
110        OLDA          0-00-00.00       1.79   -0.03

Set 27
111        105           0-00-00.00       1.42    0.04
111        112           0-00-00.00       3.65   -0.02
111        Meridian      0-00-00.00       5.43    0.00

Set 28
111        105           0-00-00.00       1.42    0.04
111        112           0-00-00.00       3.65   -0.02
111        Meridian      0-00-00.00       5.43    0.00

Set 29
112        Meridian      0-00-00.00       2.84    0.02
112        111           0-00-00.00       3.65    0.02
112        113           0-00-00.00       6.06   -0.00
112        FM1           0-00-00.00       1.53    0.00

Set 30
112        Meridian      0-00-00.00       2.84    0.02
112        111           0-00-00.00       3.65    0.02
112        113           0-00-00.00       6.06   -0.00
112        FM1           0-00-00.00       1.53    0.00

Set 31
113        112           0-00-00.00       6.06    0.00
113        115           0-00-00.00       2.34   -0.03
113        122           0-00-00.00       2.14    0.02
113        OLDA          0-00-00.00       2.01   -0.03

Set 32
113        112           0-00-00.00       6.06    0.00
113        115           0-00-00.00       2.34   -0.03
113        122           0-00-00.00       2.14    0.02
113        OLDA          0-00-00.00       2.01   -0.03

Set 33
114        109           0-00-00.00       1.84    0.03
114        GATE          0-00-00.00       3.23   -0.02

Set 34
114        109           0-00-00.00       1.84    0.03
114        GATE          0-00-00.00       3.23   -0.02

Set 35
115        110           0-00-00.00       1.94    0.02
115        113           0-00-00.00       2.34    0.03
115        127           0-00-00.00       4.15   -0.01

Set 36
115        110           0-00-00.00       1.94    0.02
115        113           0-00-00.00       2.34    0.03
115        127           0-00-00.00       4.15   -0.01

Set 37
116        GATE          0-00-00.00       1.88    0.03
116        GPS3          0-00-00.00       2.02   -0.01

Set 38
116        GATE          0-00-00.00       1.88    0.03
116        GPS3          0-00-00.00       2.02   -0.01

Set 39
117        GPS3          0-00-00.00       4.19   -0.01
117        118           0-00-00.00       3.43    0.02

Set 40
117        GPS3          0-00-00.00       4.19   -0.01
117        118           0-00-00.00       3.43    0.02

Set 41
118        117           0-00-00.00       3.43   -0.02
118        119           0-00-00.00       1.92    0.04

Set 42
118        117           0-00-00.00       3.43   -0.02
118        119           0-00-00.00       1.92    0.04

Set 43
119        118           0-00-00.00       1.92   -0.04
119        GPS6          0-00-00.00       2.28    0.01
119        120           0-00-00.00       1.58    0.05

Set 44
119        118           0-00-00.00       1.92   -0.04
119        GPS6          0-00-00.00       2.28    0.01
119        120           0-00-00.00       1.58    0.05

Set 45
120        119           0-00-00.00       1.58   -0.05
120        FM1           0-00-00.00       2.43    0.01

Set 46
120        119           0-00-00.00       1.58   -0.05
120        FM1           0-00-00.00       2.43    0.01

Set 47
121        FM1           0-00-00.00       2.36   -0.03
121        GPS1          0-00-00.00       4.18    0.02

Set 48
121        FM1           0-00-00.00       2.36   -0.03
121        GPS1          0-00-00.00       4.18    0.02

Set 49
122        113           0-00-00.00       2.14   -0.02
122        FM1           0-00-00.00       2.79   -0.02
122        123           0-00-00.00       2.39    0.02

Set 50
122        113           0-00-00.00       2.14   -0.02
122        FM1           0-00-00.00       2.79   -0.02
122        123           0-00-00.00       2.39    0.02

Set 51
123        122           0-00-00.00       2.39   -0.02
123        TIMS          0-00-00.00       1.82    0.02
123        124           0-00-00.00       1.98    0.03

Set 52
123        122           0-00-00.00       2.39   -0.02
123        TIMS          0-00-00.00       1.82    0.02
123        124           0-00-00.00       1.98    0.03

Set 53
124        GPS1          0-00-00.00       1.73   -0.03
124        123           0-00-00.00       1.98   -0.03
124        104           0-00-00.00       1.46    0.01
124        100           0-00-00.00       2.90    0.02

Set 54
124        GPS1          0-00-00.00       1.73   -0.03
124        123           0-00-00.00       1.98   -0.03
124        104           0-00-00.00       1.46    0.01
124        100           0-00-00.00       2.90    0.02

Set 55
125        GPS1          0-00-00.00       2.76   -0.02
125        126           0-00-00.00       2.00    0.03

Set 56
125        GPS1          0-00-00.00       2.76   -0.02
125        126           0-00-00.00       2.00    0.03

Set 57
126        100           0-00-00.00       3.01   -0.00
126        125           0-00-00.00       2.00   -0.03
126        GPS4          0-00-00.00       2.41    0.03

Set 58
126        100           0-00-00.00       3.01   -0.00
126        125           0-00-00.00       2.00   -0.03
126        GPS4          0-00-00.00       2.41    0.03

Set 59
127        GPS6          0-00-00.00       3.54   -0.01
127        110           0-00-00.00       1.55    0.03
127        115           0-00-00.00       4.15    0.01

Set 60
127        GPS6          0-00-00.00       3.54   -0.01
127        110           0-00-00.00       1.55    0.03
127        115           0-00-00.00       4.15    0.01

Set 61
GPS1       125           0-00-00.00       2.76    0.02
GPS1       121           0-00-00.00       4.18   -0.01
GPS1       124           0-00-00.00       1.73    0.03

Set 62
GPS1       125           0-00-00.00       2.76    0.02
GPS1       121           0-00-00.00       4.18   -0.01
GPS1       124           0-00-00.00       1.73    0.03

Set 63
GPS2       110           0-00-00.00       2.11   -0.02
GPS2       109           0-00-00.00       2.02   -0.03
GPS2       105           0-00-00.00       1.84    0.04
GPS2       GPS5          0-00-00.00       1.25    0.06

Set 64
GPS2       110           0-00-00.00       2.11   -0.02
GPS2       109           0-00-00.00       2.02   -0.03
GPS2       105           0-00-00.00       1.84    0.04
GPS2       GPS5          0-00-00.00       1.25    0.06

Set 65
GPS3       116           0-00-00.00       2.02    0.01
GPS3       117           0-00-00.00       4.19    0.00

Set 66
GPS3       116           0-00-00.00       2.02    0.01
GPS3       117           0-00-00.00       4.19    0.00

Set 67
GPS4       126           0-00-00.00       2.41   -0.03
GPS4       100           0-00-00.00       2.20   -0.03
GPS4       102           0-00-00.00       2.74   -0.01

Set 68
GPS4       126           0-00-00.00       2.41   -0.03
GPS4       100           0-00-00.00       2.20   -0.03
GPS4       102           0-00-00.00       2.74   -0.01

Set 69
GPS5       POT           0-00-00.00       3.94    0.02
GPS5       GPS2          0-00-00.00       1.25   -0.06

Set 70
GPS5       POT           0-00-00.00       3.94    0.02
GPS5       GPS2          0-00-00.00       1.25   -0.06

Set 71
GPS6       127           0-00-00.00       3.54    0.01
GPS6       119           0-00-00.00       2.28   -0.01
GPS6       FM1           0-00-00.00       1.51    0.05

Set 72
GPS6       127           0-00-00.00       3.54    0.01
GPS6       119           0-00-00.00       2.28   -0.01
GPS6       FM1           0-00-00.00       1.51    0.05

Set 73
FM1        120           0-00-00.00       2.43   -0.01
FM1        GPS6          0-00-00.00       1.51   -0.05
FM1        122           0-00-00.00       2.79    0.02
FM1        112           0-00-00.00       1.53    0.00
FM1        121           0-00-00.00       2.36    0.03

Set 74
FM1        120           0-00-00.00       2.43   -0.01
FM1        GPS6          0-00-00.00       1.51   -0.05
FM1        122           0-00-00.00       2.79    0.02
FM1        112           0-00-00.00       1.53    0.00
FM1        121           0-00-00.00       2.36    0.03

Set 75
PEAT       100           0-00-00.00       5.52   -0.01
PEAT       101           0-00-00.00       8.08    0.01

Set 76
PEAT       100           0-00-00.00       5.52   -0.01
PEAT       101           0-00-00.00       8.08    0.01

Set 77
TIMS       104           0-00-00.00       2.63    0.02
TIMS       123           0-00-00.00       1.82   -0.02

Set 78
TIMS       104           0-00-00.00       2.63    0.02
TIMS       123           0-00-00.00       1.82   -0.02

Set 79
PITA       106           0-00-00.00       3.06   -0.02
PITA       107           0-00-00.00       6.75   -0.00

Set 80
PITA       106           0-00-00.00       3.06   -0.02
PITA       107           0-00-00.00       6.75   -0.00

Set 81
POT        108           0-00-00.00       6.59    0.01
POT        106           0-00-00.00       1.82   -0.00
POT        GPS5          0-00-00.00       3.94   -0.02

Set 82
POT        108           0-00-00.00       6.59    0.01
POT        106           0-00-00.00       1.82   -0.00
POT        GPS5          0-00-00.00       3.94   -0.02

Set 83
GATE       114           0-00-00.00       3.23    0.02
GATE       116           0-00-00.00       1.88   -0.03

Set 84
GATE       114           0-00-00.00       3.23    0.02
GATE       116           0-00-00.00       1.88   -0.03

             Number of Grid Azimuth/Bearing Observations (DMS) = 1

From       To            Bearing       StdErr
GPS2       GPS5       N60-29-49.36W     FIXED

                         Adjustment Statistical Summary
                         ==============================

                        Iterations              =      1

                        Number of Stations      =     45

                        Number of Observations  =    489
                        Number of Unknowns      =    198
                        Number of Redundant Obs =    291

Observation Statistics
Observation  Count   Sum Squares of StdRes  Error Factor
Directions     245  323132913849703552.000  36316798.488
Distances      244                   0.000         0.000
Total          489  323132913849703552.000  33323000.831


Adjusted Coordinates (Meters)
=============================

Station                   N              E          Elev   Description
100                  5090565.1310    682643.0500     78.0000
101                  5090500.1460    682660.9930     80.0000
102                  5090479.2150    682675.7370     79.0000
103                  5090462.7550    682742.4620     77.0000
104                  5090569.4800    682880.7100     67.0000
105                  5090664.8400    682985.3080     54.0000
106                  5090543.4980    683030.4210     60.0000
107                  5090490.1510    683106.7710     58.0000
108                  5090504.1280    683142.6170     54.0000
109                  5090926.6280    682979.3510     30.0000
110                  5090886.5450    682920.1290     39.0000
111                  5090809.8830    682823.4230     51.0000
112                  5090871.8420    682816.2530     47.0000
113                  5090883.4110    682781.5140     49.0000
114                  5091055.2110    682920.5200     23.0000
115                  5090977.2850    682825.2640     38.0000
116                  5091225.0890    682878.4270     13.0000
117                  5091277.1360    682718.0890     21.0000
118                  5091218.7920    682685.8630     26.0000
119                  5091094.4220    682638.1700     34.0000
120                  5090942.7260    682543.1070     50.0000
121                  5090796.9070    682594.9250     61.0000
122                  5090826.9360    682680.3420     54.0000
123                  5090748.1700    682742.8470     58.0000
124                  5090632.8270    682686.5150     71.0000
125                  5090682.0420    682522.8010     73.0000
126                  5090563.4740    682565.9010     80.0000
127                  5091004.0590    682778.0570     38.0000
128                  5090448.5630    682916.7920     75.0000
129                  5090426.7020    682971.3130     72.0000
GPS1                 5090745.2190    682579.7330     65.0000
GPS2                 5090804.6240    683005.0380     39.0000
GPS3                 5091288.0780    682770.7870     17.0000
GPS4                 5090466.6580    682590.8390     83.0000
GPS5                 5090575.7180    683186.5590     46.0000
GPS6                 5091053.5170    682736.7200     35.0000
FRDN                 5089320.3110    681416.4280    117.0000
FM1                  5090893.5690    682628.9500     51.0000
PEAT                 5090526.9620    682655.9280     79.0000
PITA                 5090482.4340    683074.9180     61.0000
POT                  5090520.2320    683172.0880     50.0000
GATE                 5091114.3270    682960.3880     15.0000
TIMS                 5090655.0020    682852.9810     60.0000
Meridian             5090804.7970    682864.0780      0.0000
OLDA                 5091000.5440    682826.7270      0.0000

Control Component Status
========================

Station  Description  Components                      
GPS1     -            N=WEIGHTED E=WEIGHTED H=WEIGHTED
GPS2     -            N=WEIGHTED E=WEIGHTED H=WEIGHTED
GPS3     -            N=WEIGHTED E=WEIGHTED H=WEIGHTED
GPS4     -            N=FIXED E=FIXED H=FIXED         
GPS5     -            N=WEIGHTED E=WEIGHTED H=WEIGHTED
GPS6     -            N=WEIGHTED E=WEIGHTED H=WEIGHTED
FRDN     -            N=FIXED E=FIXED H=FIXED         

Geodetic Position Summary
=========================

Station   Latitude (DMS)    Longitude (DMS)   Height (Meters)  HeightType
100       045-56-39.686052  066-38-36.943123          78.0000  ELLIP     
101       045-56-37.565041  066-38-36.199646          80.0000  ELLIP     
102       045-56-36.873300  066-38-35.544168          79.0000  ELLIP     
103       045-56-36.276518  066-38-32.470351          77.0000  ELLIP     
104       045-56-39.599161  066-38-25.908233          67.0000  ELLIP     
105       045-56-42.586045  066-38-20.923119          54.0000  ELLIP     
106       045-56-38.614440  066-38-18.996451          60.0000  ELLIP     
107       045-56-36.814118  066-38-15.526756          58.0000  ELLIP     
108       045-56-37.232200  066-38-13.844072          54.0000  ELLIP     
109       045-56-51.066884  066-38-20.839591          30.0000  ELLIP     
110       045-56-49.826037  066-38-23.643118          39.0000  ELLIP     
111       045-56-47.436891  066-38-28.236437          51.0000  ELLIP     
112       045-56-49.449626  066-38-28.484059          47.0000  ELLIP     
113       045-56-49.857452  066-38-30.080354          49.0000  ELLIP     
114       045-56-55.286057  066-38-23.393102          23.0000  ELLIP     
115       045-56-52.854605  066-38-27.920994          38.0000  ELLIP     
116       045-57-00.826052  066-38-25.113130          13.0000  ELLIP     
117       045-57-02.664695  066-38-32.483126          21.0000  ELLIP     
118       045-57-00.806733  066-38-34.058903          26.0000  ELLIP     
119       045-56-56.826044  066-38-36.443121          34.0000  ELLIP     
120       045-56-52.006023  066-38-41.063145          50.0000  ELLIP     
121       045-56-47.235666  066-38-38.858408          61.0000  ELLIP     
122       045-56-48.126045  066-38-34.853144          54.0000  ELLIP     
123       045-56-45.516199  066-38-32.060564          58.0000  ELLIP     
124       045-56-41.836030  066-38-34.833143          71.0000  ELLIP     
125       045-56-43.586036  066-38-42.363098          73.0000  ELLIP     
126       045-56-39.706256  066-38-40.525601          80.0000  ELLIP     
127       045-56-53.766629  066-38-30.075061          38.0000  ELLIP     
128       045-56-35.649996  066-38-24.399992          75.0000  ELLIP     
129       045-56-34.889985  066-38-21.899984          72.0000  ELLIP     
GPS1      045-56-45.576854  066-38-39.634359          65.0000  ELLIP     
GPS2      045-56-47.092485  066-38-19.815279          39.0000  ELLIP     
GPS3      045-57-02.968439  066-38-30.022294          17.0000  ELLIP     
GPS4      045-56-36.548054  066-38-39.501147          83.0000  ELLIP     
GPS5      045-56-39.507662  066-38-11.706380          46.0000  ELLIP     
GPS6      045-56-55.407392  066-38-31.925567          35.0000  ELLIP     
FRDN      045-56-00.556049  066-39-35.563096         117.0000  ELLIP     
FM1       045-56-50.332439  066-38-37.146707          51.0000  ELLIP     
PEAT      045-56-38.438034  066-38-36.397888          79.0000  ELLIP     
PITA      045-56-36.594858  066-38-17.015525          61.0000  ELLIP     
POT       045-56-37.725256  066-38-12.454290          50.0000  ELLIP     
GATE      045-56-57.161640  066-38-21.461544          15.0000  ELLIP     
TIMS      045-56-42.394435  066-38-27.077525          60.0000  ELLIP     
Meridian  045-56-47.233267  066-38-26.356706           0.0000  ELLIP     
OLDA      045-56-53.606191  066-38-27.821139           0.0000  ELLIP     

             Convergence Angles (DMS) and Grid Factors at Stations
                (Grid Azimuth = Geodetic Azimuth - Convergence)
        (Elevation Factor Includes a 0.00 Meter Geoid Height Correction)

                    Convergence            ------- Factors -------
Station                Angle            Scale  x  Elevation  =   Combined
100                   1-41-38.14    1.00001011    0.99998777    0.99999788
101                   1-41-38.61    1.00001019    0.99998746    0.99999765
102                   1-41-39.06    1.00001026    0.99998761    0.99999787
103                   1-41-41.26    1.00001056    0.99998793    0.99999848
104                   1-41-46.07    1.00001118    0.99998950    1.00000067
105                   1-41-49.74    1.00001165    0.99999153    1.00000318
106                   1-41-51.01    1.00001185    0.99999059    1.00000244
107                   1-41-53.46    1.00001219    0.99999091    1.00000310
108                   1-41-54.68    1.00001236    0.99999153    1.00000389
109                   1-41-50.05    1.00001162    0.99999530    1.00000692
110                   1-41-47.99    1.00001135    0.99999389    1.00000524
111                   1-41-44.62    1.00001092    0.99999200    1.00000292
112                   1-41-44.50    1.00001089    0.99999263    1.00000352
113                   1-41-43.36    1.00001073    0.99999232    1.00000305
114                   1-41-48.33    1.00001136    0.99999639    1.00000775
115                   1-41-45.00    1.00001093    0.99999404    1.00000497
116                   1-41-47.25    1.00001117    0.99999796    1.00000913
117                   1-41-42.00    1.00001044    0.99999671    1.00000715
118                   1-41-40.82    1.00001030    0.99999592    1.00000622
119                   1-41-38.99    1.00001009    0.99999467    1.00000476
120                   1-41-35.53    1.00000966    0.99999216    1.00000182
121                   1-41-36.98    1.00000989    0.99999044    1.00000033
122                   1-41-39.88    1.00001028    0.99999153    1.00000181
123                   1-41-41.82    1.00001056    0.99999091    1.00000146
124                   1-41-39.72    1.00001030    0.99998887    0.99999917
125                   1-41-34.35    1.00000957    0.99998855    0.99999812
126                   1-41-35.56    1.00000976    0.99998746    0.99999722
127                   1-41-43.48    1.00001071    0.99999404    1.00000476
128                   1-41-47.04    1.00001134    0.99998824    0.99999958
129                   1-41-48.82    1.00001158    0.99998871    1.00000030
GPS1                  1-41-36.37    1.00000982    0.99998981    0.99999963
GPS2                  1-41-50.67    1.00001174    0.99999389    1.00000562
GPS3                  1-41-43.78    1.00001068    0.99999733    1.00000802
GPS4                  1-41-36.21    1.00000987    0.99998699    0.99999686
GPS5                  1-41-56.28    1.00001255    0.99999279    1.00000534
GPS6                  1-41-42.20    1.00001053    0.99999451    1.00000504
FRDN                  1-40-54.86    1.00000462    0.99998166    0.99998628
FM1                   1-41-38.29    1.00001004    0.99999200    1.00000205
PEAT                  1-41-38.49    1.00001017    0.99998761    0.99999778
PITA                  1-41-52.38    1.00001205    0.99999044    1.00000249
POT                   1-41-55.69    1.00001249    0.99999216    1.00000465
GATE                  1-41-49.77    1.00001153    0.99999765    1.00000918
TIMS                  1-41-45.31    1.00001105    0.99999059    1.00000164
Meridian              1-41-45.97    1.00001110    1.00000000    1.00001110
OLDA                  1-41-45.10    1.00001093    1.00000000    1.00001093
Project Averages:     1-41-43.10    1.00001073    0.99999189    1.00000262

Error Propagation
=================

Predicted Station Coordinate Standard Deviations (Meters)

Station   Description           N           E         Elev
100       -              0.001489    0.001171     0.039591
101       -              0.007692    0.001746     0.093149
102       -              0.001353    0.005983     0.133712
103       -              0.002302    0.003094     0.051258
104       -              0.003071    0.002240     0.041673
105       -              0.003159    0.002256     0.035315
106       -              0.004323    0.002336     0.063141
107       -              0.006454    0.011961     0.150093
108       -              0.004724    0.002901     0.072620
109       -              0.002814    0.002355     0.020685
110       -              0.002518    0.002291     0.019590
111       -              0.002599    0.002374     0.037231
112       -              0.002595    0.002458     0.037288
113       -              0.002460    0.002761     0.022717
114       -            182.770413   83.623544  4060.058270
115       -              0.002445    0.002570     0.025778
116       -             44.613930   76.239398  2754.101682
117       -              0.015753    0.068999     0.949469
118       -              0.481249    0.205534     6.610068
119       -              0.008495    0.018826     2.113722
120       -              0.011368    0.018510     2.141350
121       -              0.011925    0.005447     0.155672
122       -              0.002648    0.002641     0.038078
123       -              0.003156    0.002261     0.040930
124       -              0.002359    0.002094     0.036778
125       -              0.002602    0.002161     0.045058
126       -              0.001385    0.001099     0.037366
127       -              0.002440    0.002684     0.055892
128       -              0.004544    0.003215     0.057601
129       -              0.004529    0.006046     0.109147
GPS1      -              0.001573    0.002819     0.009895
GPS2      -              0.002653    0.002165     0.009780
GPS3      -              0.005000    0.005000     0.010000
GPS4      -              0.000000    0.000000     0.000000
GPS5      -              0.002690    0.002218     0.009907
GPS6      -              0.002487    0.002879     0.009849
FRDN      -              0.000000    0.000000     0.000000
FM1       -              0.002819    0.002635     0.038474
PEAT      -              0.021531    0.006826     0.896555
PITA      -              0.004564    0.002564     0.064812
POT       -              0.004910    0.002743     0.073751
GATE      -            115.710451  128.848975  3339.149956
TIMS      -              0.003795    0.002215     0.057799
Meridian  -              0.002780    0.002834     0.037339
OLDA      -              0.002987    0.002760     0.020032

Predicted Station Coordinate Error Ellipses (Meters)
                            Confidence Region = 95%

Station                 Semi-Major    Semi-Minor   Azimuth of       Elev
                            Axis          Axis     Major Axis
100                       0.003803      0.002650      23-32       0.077598
101                       0.019014      0.003345       8-11       0.182570
102                       0.014772      0.002689      82-21       0.262071
103                       0.008840      0.003305      56-11       0.100464
104                       0.008393      0.004012      30-27       0.081678
105                       0.008036      0.005071      20-33       0.069215
106                       0.010707      0.005480      10-13       0.123754
107                       0.031899      0.009440      65-26       0.294177
108                       0.012079      0.006182      19-40       0.142333
109                       0.006925      0.005720     169-31       0.040543
110                       0.006282      0.005473     156-41       0.038395
111                       0.006800      0.005290      34-14       0.072972
112                       0.006711      0.005612      36-06       0.073082
113                       0.007237      0.005436      57-10       0.044525
114                     491.978364      0.007393     155-25    7957.567984
115                       0.006458      0.005804     121-03       0.050523
116                     216.218616      0.013519     120-20    5397.940106
117                       0.172792      0.012420      77-46       1.860925
118                       1.280878      0.008970      23-07      12.955496
119                       0.050090      0.006837     113-19       4.142820
120                       0.052378      0.009134     120-38       4.196970
121                       0.031699      0.004995      23-16       0.305111
122                       0.007399      0.005391      44-45       0.074631
123                       0.007924      0.005246      17-17       0.080221
124                       0.006772      0.003708      38-37       0.072083
125                       0.007127      0.004211      33-48       0.088311
126                       0.003533      0.002502      23-26       0.073236
127                       0.006619      0.005917     105-53       0.109546
128                       0.012992      0.004101      33-00       0.112896
129                       0.017514      0.005931      55-22       0.213924
GPS1                      0.007209      0.003236      71-07       0.019393
GPS2                      0.006521      0.005266     171-17       0.019168
GPS3                      0.012239      0.012239     138-21       0.019600
GPS4                      0.000000      0.000000       0-00       0.000000
GPS5                      0.006650      0.005350     166-22       0.019417
GPS6                      0.007051      0.006084      93-55       0.019304
FRDN                      0.000000      0.000000       0-00       0.000000
FM1                       0.007976      0.005060      40-26       0.075407
PEAT                      0.055193      0.003252     162-42       1.757215
PITA                      0.011454      0.005746      14-46       0.127028
POT                       0.012485      0.005798      17-50       0.144550
GATE                    423.898353      0.016915     131-55    6544.613653
TIMS                      0.009329      0.005351       6-34       0.113283
Meridian                  0.007112      0.006621      52-47       0.073183
OLDA                      0.007626      0.006398     148-28       0.039263

Predicted Relative Error Ellipses (Meters)
                            Confidence Region = 95%

Stations                Semi-Major    Semi-Minor   Azimuth of     Vertical
From       To               Axis          Axis     Major Axis
100        124            0.008314      0.001757      33-37       0.079202
100        126            0.002598      0.001812      38-53       0.049687
100        GPS4           0.003803      0.002650      23-32       0.077598
100        PEAT           0.053525      0.001914     162-02       1.724657
101        102            0.020377      0.001769     145-38       0.418427
101        PEAT           0.072522      0.002050     168-49       1.585806
102        103            0.009161      0.002132     101-53       0.233548
102        GPS4           0.014772      0.002689      82-21       0.262071
103        104            0.004667      0.003656      71-46       0.070957
103        128            0.007554      0.003121      12-28       0.072556
104        105            0.006373      0.002425      49-07       0.057433
104        124            0.004011      0.001907      36-09       0.068713
104        128            0.008542      0.002681      28-10       0.078867
104        TIMS           0.005434      0.002231     157-43       0.060916
105        106            0.005843      0.001760     177-33       0.092395
105        111            0.004059      0.002057      26-17       0.099628
105        GPS2           0.008265      0.001924       9-59       0.064525
106        108            0.004100      0.002317      66-47       0.044682
106        PITA           0.002559      0.001693      52-06       0.035490
106        POT            0.004195      0.002572      53-36       0.042776
107        108            0.028336      0.001613      71-11       0.219081
107        PITA           0.029050      0.001469      73-52       0.253638
108        POT            0.003927      0.001410      65-11       0.030124
109        110            0.002812      0.001785      47-40       0.021322
109        114          491.974756      0.003728     155-25    7957.567984
109        GPS2           0.002688      0.002222       1-22       0.036127
110        115            0.002637      0.001674      45-05       0.044194
110        127            0.003529      0.001818      39-56       0.121650
110        GPS2           0.001945      0.001899      86-46       0.033964
110        OLDA           0.004454      0.003128     171-01       0.015182
111        112            0.001781      0.001714      76-25       0.005633
111        Meridian       0.004261      0.001791     112-15       0.003692
112        113            0.004042      0.001433     110-05       0.061567
112        FM1            0.004533      0.002905      19-18       0.095370
112        Meridian       0.004402      0.002271     117-05       0.006731
113        115            0.007002      0.002461      24-19       0.054734
113        122            0.003735      0.002407      48-11       0.073918
113        OLDA           0.007988      0.003523      16-50       0.017650
114        GATE         197.984249      0.002683      34-00    1412.954340
115        127            0.001618      0.001567     151-58       0.111524
116        GATE         216.488500      0.006053     143-30   11942.553754
116        GPS3         216.216763      0.005743     120-20    5397.940106
117        118            1.386791      0.002694      28-57      14.802613
117        GPS3           0.172727      0.002535      78-06       1.860939
118        119            1.282149      0.004038      20-54      17.093523
119        120            0.010659      0.004582      14-42       0.093267
119        GPS6           0.049231      0.002915     113-34       4.142912
120        FM1            0.052259      0.002691     120-30       4.193171
121        FM1            0.031388      0.002379      20-03       0.261247
121        GPS1           0.028996      0.001549      16-23       0.307636
122        123            0.004825      0.002080     155-35       0.091207
122        FM1            0.002782      0.002071     151-49       0.062809
123        124            0.005093      0.002523      16-11       0.042810
123        TIMS           0.003683      0.002365      13-51       0.093199
124        GPS1           0.004037      0.002923     163-15       0.073705
125        126            0.006145      0.003283       1-08       0.084980
125        GPS1           0.010075      0.002066      35-43       0.086171
126        GPS4           0.003533      0.002502      23-26       0.073236
127        GPS6           0.005899      0.001784     137-52       0.106568
128        129            0.008897      0.001642      95-31       0.130676
128        TIMS           0.009663      0.005598      25-56       0.095734
129        PITA           0.015169      0.005447      80-02       0.128999
FM1        GPS6           0.007969      0.004211      20-11       0.075463
GPS2       GPS5           0.002291      0.000003     141-35       0.027096
GPS5       POT            0.012591      0.001552      16-31       0.144761

Weak Geometry Cues

stationMedian=0.003429 Meters; pairMedian=0.002391 Meters
  Station 114: WEAK metric=200.992340 Meters ratio=58616.33x shape=66550.88x major=200.9923m, medianRatio=58616.33x, shape=66550.88x
  Station GATE: WEAK metric=173.179002 Meters ratio=50505.00x shape=25060.18x major=173.1790m, medianRatio=50505.00x, shape=25060.18x
  Station 116: WEAK metric=88.333734 Meters ratio=25761.18x shape=15993.30x major=88.3337m, medianRatio=25761.18x, shape=15993.30x
  Station 118: WEAK metric=0.523289 Meters ratio=152.61x shape=142.79x major=0.5233m, medianRatio=152.61x, shape=142.79x
  Station 117: WEAK metric=0.070592 Meters ratio=20.59x shape=13.91x major=0.0706m, medianRatio=20.59x, shape=13.91x
  Station PEAT: WEAK metric=0.022548 Meters ratio=6.58x shape=16.97x major=0.0225m, medianRatio=6.58x, shape=16.97x
  Station 120: WEAK metric=0.021399 Meters ratio=6.24x shape=5.73x major=0.0214m, medianRatio=6.24x, shape=5.73x
  Station 119: WEAK metric=0.020464 Meters ratio=5.97x shape=7.33x major=0.0205m, medianRatio=5.97x, shape=7.33x
  Station 107: WEAK metric=0.013032 Meters ratio=3.80x shape=3.38x major=0.0130m, medianRatio=3.80x, shape=3.38x
  Station 121: WEAK metric=0.012950 Meters ratio=3.78x shape=6.35x major=0.0130m, medianRatio=3.78x, shape=6.35x
  Station 101: WATCH metric=0.007768 Meters ratio=2.27x shape=5.68x major=0.0078m, medianRatio=2.27x, shape=5.68x
  Station 129: WATCH metric=0.007155 Meters ratio=2.09x shape=2.95x major=0.0072m, medianRatio=2.09x, shape=2.95x
  Station 102: WATCH metric=0.006035 Meters ratio=1.76x shape=5.49x major=0.0060m, medianRatio=1.76x, shape=5.49x
  Pair 109-114: WEAK metric=200.992340 Meters ratio=84052.37x shape=131953.05x sigmaDist=200.9923m, medianRatio=84052.37x, shape=131953.05x
  Pair 116-GATE: WEAK metric=88.444801 Meters ratio=36986.46x shape=35763.08x sigmaDist=88.4448m, medianRatio=36986.46x, shape=35763.08x
  Pair 116-GPS3: WEAK metric=88.333734 Meters ratio=36940.01x shape=37647.06x sigmaDist=88.3337m, medianRatio=36940.01x, shape=37647.06x
  Pair 114-GATE: WEAK metric=80.884968 Meters ratio=33825.04x shape=73799.43x sigmaDist=80.8850m, medianRatio=33825.04x, shape=73799.43x
  Pair 117-118: WEAK metric=0.566562 Meters ratio=236.93x shape=514.79x sigmaDist=0.5666m, medianRatio=236.93x, shape=514.79x
  Pair 118-119: WEAK metric=0.523810 Meters ratio=219.05x shape=317.53x sigmaDist=0.5238m, medianRatio=219.05x, shape=317.53x
  Pair 117-GPS3: WEAK metric=0.070566 Meters ratio=29.51x shape=68.14x sigmaDist=0.0706m, medianRatio=29.51x, shape=68.14x
  Pair 101-PEAT: WEAK metric=0.029627 Meters ratio=12.39x shape=35.37x sigmaDist=0.0296m, medianRatio=12.39x, shape=35.37x
  Pair 100-PEAT: WEAK metric=0.021866 Meters ratio=9.14x shape=27.96x sigmaDist=0.0219m, medianRatio=9.14x, shape=27.96x
  Pair 120-FM1: WEAK metric=0.021348 Meters ratio=8.93x shape=19.42x sigmaDist=0.0213m, medianRatio=8.93x, shape=19.42x
  Pair 119-GPS6: WEAK metric=0.020110 Meters ratio=8.41x shape=16.89x sigmaDist=0.0201m, medianRatio=8.41x, shape=16.89x
  Pair 121-FM1: WEAK metric=0.012822 Meters ratio=5.36x shape=13.19x sigmaDist=0.0128m, medianRatio=5.36x, shape=13.19x
  Pair 107-PITA: WEAK metric=0.011857 Meters ratio=4.96x shape=19.77x sigmaDist=0.0119m, medianRatio=4.96x, shape=19.77x
  Pair 121-GPS1: WEAK metric=0.011846 Meters ratio=4.95x shape=18.72x sigmaDist=0.0118m, medianRatio=4.95x, shape=18.72x
  Pair 107-108: WEAK metric=0.011565 Meters ratio=4.84x shape=17.57x sigmaDist=0.0116m, medianRatio=4.84x, shape=17.57x
  Pair 101-102: WEAK metric=0.008324 Meters ratio=3.48x shape=11.52x sigmaDist=0.0083m, medianRatio=3.48x, shape=11.52x
  Pair 102-GPS4: WEAK metric=0.006034 Meters ratio=2.52x shape=5.49x sigmaDist=0.0060m, medianRatio=2.52x, shape=5.49x
  Pair GPS2-GPS5: WEAK metric=0.000936 Meters ratio=0.39x shape=660.66x sigmaDist=0.0009m, medianRatio=0.39x, shape=660.66x
  Pair 129-PITA: WATCH metric=0.005925 Meters ratio=2.48x shape=2.78x sigmaDist=0.0059m, medianRatio=2.48x, shape=2.78x
  Pair GPS5-POT: WATCH metric=0.005141 Meters ratio=2.15x shape=8.11x sigmaDist=0.0051m, medianRatio=2.15x, shape=8.11x
  Pair 119-120: WATCH metric=0.004194 Meters ratio=1.75x shape=2.33x sigmaDist=0.0042m, medianRatio=1.75x, shape=2.33x
  Pair 125-GPS1: WATCH metric=0.004092 Meters ratio=1.71x shape=4.88x sigmaDist=0.0041m, medianRatio=1.71x, shape=4.88x
  Pair 128-129: WATCH metric=0.003493 Meters ratio=1.46x shape=5.42x sigmaDist=0.0035m, medianRatio=1.46x, shape=5.42x